Archive member included to satisfy reference by file (symbol)

c:/progra~1/raspbe~1/picosd~1.1/gcc-ar~1/bin/../lib/gcc/arm-none-eabi/10.3.1/thumb/v6-m/nofp\libgcc.a(_dvmd_tls.o)
                              CMakeFiles/ws2812.dir/C_/Program_Files/Raspberry_Pi/Pico_SDK_v1.5.1/pico-sdk/src/rp2_common/pico_divider/divider.S.obj (__aeabi_idiv0)
c:/progra~1/raspbe~1/picosd~1.1/gcc-ar~1/bin/../lib/gcc/arm-none-eabi/10.3.1/../../../../arm-none-eabi/lib/thumb/v6-m/nofp\libg.a(lib_a-calloc.o)
                              CMakeFiles/ws2812.dir/C_/Program_Files/Raspberry_Pi/Pico_SDK_v1.5.1/pico-sdk/src/rp2_common/pico_malloc/pico_malloc.c.obj (calloc)
c:/progra~1/raspbe~1/picosd~1.1/gcc-ar~1/bin/../lib/gcc/arm-none-eabi/10.3.1/../../../../arm-none-eabi/lib/thumb/v6-m/nofp\libg.a(lib_a-callocr.o)
                              c:/progra~1/raspbe~1/picosd~1.1/gcc-ar~1/bin/../lib/gcc/arm-none-eabi/10.3.1/../../../../arm-none-eabi/lib/thumb/v6-m/nofp\libg.a(lib_a-calloc.o) (_calloc_r)
c:/progra~1/raspbe~1/picosd~1.1/gcc-ar~1/bin/../lib/gcc/arm-none-eabi/10.3.1/../../../../arm-none-eabi/lib/thumb/v6-m/nofp\libg.a(lib_a-errno.o)
                              c:/progra~1/raspbe~1/picosd~1.1/gcc-ar~1/bin/../lib/gcc/arm-none-eabi/10.3.1/../../../../arm-none-eabi/lib/thumb/v6-m/nofp\libg.a(lib_a-callocr.o) (__errno)
c:/progra~1/raspbe~1/picosd~1.1/gcc-ar~1/bin/../lib/gcc/arm-none-eabi/10.3.1/../../../../arm-none-eabi/lib/thumb/v6-m/nofp\libg.a(lib_a-impure.o)
                              c:/progra~1/raspbe~1/picosd~1.1/gcc-ar~1/bin/../lib/gcc/arm-none-eabi/10.3.1/../../../../arm-none-eabi/lib/thumb/v6-m/nofp\libg.a(lib_a-calloc.o) (_impure_ptr)
c:/progra~1/raspbe~1/picosd~1.1/gcc-ar~1/bin/../lib/gcc/arm-none-eabi/10.3.1/../../../../arm-none-eabi/lib/thumb/v6-m/nofp\libg.a(lib_a-init.o)
                              c:/progra~1/raspbe~1/picosd~1.1/gcc-ar~1/bin/../lib/gcc/arm-none-eabi/10.3.1/../../../../arm-none-eabi/lib/thumb/v6-m/nofp/crt0.o (__libc_init_array)
c:/progra~1/raspbe~1/picosd~1.1/gcc-ar~1/bin/../lib/gcc/arm-none-eabi/10.3.1/../../../../arm-none-eabi/lib/thumb/v6-m/nofp\libg.a(lib_a-malloc.o)
                              CMakeFiles/ws2812.dir/C_/Program_Files/Raspberry_Pi/Pico_SDK_v1.5.1/pico-sdk/src/rp2_common/pico_malloc/pico_malloc.c.obj (malloc)
c:/progra~1/raspbe~1/picosd~1.1/gcc-ar~1/bin/../lib/gcc/arm-none-eabi/10.3.1/../../../../arm-none-eabi/lib/thumb/v6-m/nofp\libg.a(lib_a-mallocr.o)
                              c:/progra~1/raspbe~1/picosd~1.1/gcc-ar~1/bin/../lib/gcc/arm-none-eabi/10.3.1/../../../../arm-none-eabi/lib/thumb/v6-m/nofp\libg.a(lib_a-callocr.o) (_malloc_r)
c:/progra~1/raspbe~1/picosd~1.1/gcc-ar~1/bin/../lib/gcc/arm-none-eabi/10.3.1/../../../../arm-none-eabi/lib/thumb/v6-m/nofp\libg.a(lib_a-mlock.o)
                              c:/progra~1/raspbe~1/picosd~1.1/gcc-ar~1/bin/../lib/gcc/arm-none-eabi/10.3.1/../../../../arm-none-eabi/lib/thumb/v6-m/nofp\libg.a(lib_a-mallocr.o) (__malloc_lock)
c:/progra~1/raspbe~1/picosd~1.1/gcc-ar~1/bin/../lib/gcc/arm-none-eabi/10.3.1/../../../../arm-none-eabi/lib/thumb/v6-m/nofp\libg.a(lib_a-realloc.o)
                              CMakeFiles/ws2812.dir/C_/Program_Files/Raspberry_Pi/Pico_SDK_v1.5.1/pico-sdk/src/rp2_common/pico_malloc/pico_malloc.c.obj (realloc)
c:/progra~1/raspbe~1/picosd~1.1/gcc-ar~1/bin/../lib/gcc/arm-none-eabi/10.3.1/../../../../arm-none-eabi/lib/thumb/v6-m/nofp\libg.a(lib_a-reallocr.o)
                              c:/progra~1/raspbe~1/picosd~1.1/gcc-ar~1/bin/../lib/gcc/arm-none-eabi/10.3.1/../../../../arm-none-eabi/lib/thumb/v6-m/nofp\libg.a(lib_a-realloc.o) (_realloc_r)
c:/progra~1/raspbe~1/picosd~1.1/gcc-ar~1/bin/../lib/gcc/arm-none-eabi/10.3.1/../../../../arm-none-eabi/lib/thumb/v6-m/nofp\libg.a(lib_a-sbrkr.o)
                              c:/progra~1/raspbe~1/picosd~1.1/gcc-ar~1/bin/../lib/gcc/arm-none-eabi/10.3.1/../../../../arm-none-eabi/lib/thumb/v6-m/nofp\libg.a(lib_a-mallocr.o) (_sbrk_r)
c:/progra~1/raspbe~1/picosd~1.1/gcc-ar~1/bin/../lib/gcc/arm-none-eabi/10.3.1/../../../../arm-none-eabi/lib/thumb/v6-m/nofp\libg.a(lib_a-scanf.o)
                              CMakeFiles/ws2812.dir/main.c.obj (scanf)
c:/progra~1/raspbe~1/picosd~1.1/gcc-ar~1/bin/../lib/gcc/arm-none-eabi/10.3.1/../../../../arm-none-eabi/lib/thumb/v6-m/nofp\libg.a(lib_a-strcmp.o)
                              CMakeFiles/ws2812.dir/main.c.obj (strcmp)
c:/progra~1/raspbe~1/picosd~1.1/gcc-ar~1/bin/../lib/gcc/arm-none-eabi/10.3.1/../../../../arm-none-eabi/lib/thumb/v6-m/nofp\libg.a(lib_a-strlen-stub.o)
                              CMakeFiles/ws2812.dir/C_/Program_Files/Raspberry_Pi/Pico_SDK_v1.5.1/pico-sdk/src/rp2_common/pico_stdio/stdio.c.obj (strlen)
c:/progra~1/raspbe~1/picosd~1.1/gcc-ar~1/bin/../lib/gcc/arm-none-eabi/10.3.1/../../../../arm-none-eabi/lib/thumb/v6-m/nofp\libg.a(lib_a-vfscanf.o)
[...]
Memory Configuration

Name             Origin             Length             Attributes
FLASH            0x10000000         0x00200000         xr
RAM              0x20000000         0x00040000         xrw
SCRATCH_X        0x20040000         0x00001000         xrw
SCRATCH_Y        0x20041000         0x00001000         xrw
*default*        0x00000000         0xffffffff

Linker script and memory map

LOAD c:/progra~1/raspbe~1/picosd~1.1/gcc-ar~1/bin/../lib/gcc/arm-none-eabi/10.3.1/thumb/v6-m/nofp/crti.o
LOAD c:/progra~1/raspbe~1/picosd~1.1/gcc-ar~1/bin/../lib/gcc/arm-none-eabi/10.3.1/thumb/v6-m/nofp/crtbegin.o
LOAD c:/progra~1/raspbe~1/picosd~1.1/gcc-ar~1/bin/../lib/gcc/arm-none-eabi/10.3.1/../../../../arm-none-eabi/lib/thumb/v6-m/nofp/crt0.o

.flash_begin    0x10000000        0x0
                0x10000000                __flash_binary_start = .

.boot2          0x10000000      0x100
                0x10000000                __boot2_start__ = .
 *(.boot2)
 .boot2         0x10000000      0x100 C:\Users\milol\AppData\Local\Temp\ccRbgcem.o
                0x10000100                __boot2_end__ = .
                0x00000001                ASSERT (((__boot2_end__ - __boot2_start__) == 0x100), ERROR: Pico second stage bootloader must be 256 bytes in size)

.text           0x10000100     0xd638
                0x10000100                __logical_binary_start = .
 *(.vectors)
 .vectors       0x10000100       0xd4 CMakeFiles/ws2812.dir/C_/Program_Files/Raspberry_Pi/Pico_SDK_v1.5.1/pico-sdk/src/rp2_common/pico_standard_link/crt0.S.obj
                0x10000100                __VECTOR_TABLE
                0x10000100                __vectors
                0x100001c0                isr_invalid
                0x100001c0                __default_isrs_start
                0x100001c2                isr_nmi
                0x100001c4                isr_hardfault
                0x100001c6                isr_svcall
                0x100001c8                isr_pendsv
                0x100001ca                isr_systick
                0x100001cc                isr_irq23
                0x100001cc                isr_irq18
                0x100001cc                isr_irq11
                0x100001cc                isr_irq28
                0x100001cc                isr_irq19
                0x100001cc                isr_irq0
                0x100001cc                isr_irq6
                0x100001cc                isr_irq5
                0x100001cc                isr_irq12
                0x100001cc                isr_irq22
                0x100001cc                isr_irq31
                0x100001cc                isr_irq17
                0x100001cc                isr_irq27
                0x100001cc                isr_irq30
                0x100001cc                isr_irq2
                0x100001cc                isr_irq10
                0x100001cc                isr_irq8
                0x100001cc                isr_irq24
                0x100001cc                isr_irq1
                0x100001cc                isr_irq7
                0x100001cc                isr_irq21
                0x100001cc                isr_irq20
                0x100001cc                isr_irq15
                0x100001cc                isr_irq25
                0x100001cc                isr_irq13
                0x100001cc                __unhandled_user_irq
                0x100001cc                isr_irq4
                0x100001cc                isr_irq16
                0x100001cc                isr_irq29
                0x100001cc                isr_irq26
                0x100001cc                __default_isrs_end
                0x100001cc                isr_irq3
                0x100001cc                isr_irq14
                0x100001cc                isr_irq9
                0x100001d2                unhandled_user_irq_num_in_r0
 *(.binary_info_header)
 .binary_info_header
                0x100001d4       0x14 CMakeFiles/ws2812.dir/C_/Program_Files/Raspberry_Pi/Pico_SDK_v1.5.1/pico-sdk/src/rp2_common/pico_standard_link/crt0.S.obj
                0x100001e8                __binary_info_header_end = .
 *(.reset)
 .reset         0x100001e8       0xa0 CMakeFiles/ws2812.dir/C_/Program_Files/Raspberry_Pi/Pico_SDK_v1.5.1/pico-sdk/src/rp2_common/pico_standard_link/crt0.S.obj
                0x100001e8                _entry_point
 .reset         0x10000288       0x30 CMakeFiles/ws2812.dir/C_/Program_Files/Raspberry_Pi/Pico_SDK_v1.5.1/pico-sdk/src/rp2_common/pico_standard_link/binary_info.c.obj
 *(.init)
 .init          0x100002b8        0x4 c:/progra~1/raspbe~1/picosd~1.1/gcc-ar~1/bin/../lib/gcc/arm-none-eabi/10.3.1/thumb/v6-m/nofp/crti.o
                0x100002b8                _init
 *(EXCLUDE_FILE(*libm.a: *libc.a:*lib_a-mem*.o *libgcc.a:) .text*)
 .text          0x100002bc       0x48 c:/progra~1/raspbe~1/picosd~1.1/gcc-ar~1/bin/../lib/gcc/arm-none-eabi/10.3.1/thumb/v6-m/nofp/crtbegin.o
 .text.ws2812_init
                0x10000304      0x148 CMakeFiles/ws2812.dir/ws2812.c.obj
                0x10000304                ws2812_init
 .text.ws2812_put_pixel
                0x1000044c       0x14 CMakeFiles/ws2812.dir/ws2812.c.obj
                0x1000044c                ws2812_put_pixel
 .text.urgb_u32
                0x10000460        0xa CMakeFiles/ws2812.dir/ws2812.c.obj
                0x10000460                urgb_u32
 *fill*         0x1000046a        0x2 
 .text.ws2812b_core
                0x1000046c      0x124 CMakeFiles/ws2812.dir/ws2812.c.obj
                0x1000046c                ws2812b_core
 .text.timer_callback
                0x10000590       0x70 CMakeFiles/ws2812.dir/main.c.obj
                0x10000590                timer_callback
 .text.main     0x10000600       0xc0 CMakeFiles/ws2812.dir/main.c.obj
                0x10000600                main
 .text.gpio_set_function
                0x100006c0       0x30 CMakeFiles/ws2812.dir/C_/Program_Files/Raspberry_Pi/Pico_SDK_v1.5.1/pico-sdk/src/rp2_common/hardware_gpio/gpio.c.obj
                0x100006c0                gpio_set_function
 .text.gpio_init
                0x100006f0       0x16 CMakeFiles/ws2812.dir/C_/Program_Files/Raspberry_Pi/Pico_SDK_v1.5.1/pico-sdk/src/rp2_common/hardware_gpio/gpio.c.obj
                0x100006f0                gpio_init
 *fill*         0x10000706        0x2 
 .text.running_on_fpga
                0x10000708       0x14 CMakeFiles/ws2812.dir/C_/Program_Files/Raspberry_Pi/Pico_SDK_v1.5.1/pico-sdk/src/rp2_common/pico_platform/platform.c.obj
                0x10000708                running_on_fpga
 .text.hw_claim_lock
                0x1000071c       0x18 CMakeFiles/ws2812.dir/C_/Program_Files/Raspberry_Pi/Pico_SDK_v1.5.1/pico-sdk/src/rp2_common/hardware_claim/claim.c.obj
                0x1000071c                hw_claim_lock
 .text.hw_claim_unlock
                0x10000734       0x14 CMakeFiles/ws2812.dir/C_/Program_Files/Raspberry_Pi/Pico_SDK_v1.5.1/pico-sdk/src/rp2_common/hardware_claim/claim.c.obj
                0x10000734                hw_claim_unlock
 .text.hw_claim_or_assert
                0x10000748       0x32 CMakeFiles/ws2812.dir/C_/Program_Files/Raspberry_Pi/Pico_SDK_v1.5.1/pico-sdk/src/rp2_common/hardware_claim/claim.c.obj
                0x10000748                hw_claim_or_assert
 .text.hw_claim_unused_from_range
                0x1000077a       0x50 CMakeFiles/ws2812.dir/C_/Program_Files/Raspberry_Pi/Pico_SDK_v1.5.1/pico-sdk/src/rp2_common/hardware_claim/claim.c.obj
                0x1000077a                hw_claim_unused_from_range
 *fill*         0x100007ca        0x2 
 .text.spin_locks_reset
                0x100007cc       0x20 CMakeFiles/ws2812.dir/C_/Program_Files/Raspberry_Pi/Pico_SDK_v1.5.1/pico-sdk/src/rp2_common/hardware_sync/sync.c.obj
                0x100007cc                spin_locks_reset
 .text.next_striped_spin_lock_num
                0x100007ec       0x1c CMakeFiles/ws2812.dir/C_/Program_Files/Raspberry_Pi/Pico_SDK_v1.5.1/pico-sdk/src/rp2_common/hardware_sync/sync.c.obj
                0x100007ec                next_striped_spin_lock_num
 .text.spin_lock_claim_unused
                0x10000808       0x20 CMakeFiles/ws2812.dir/C_/Program_Files/Raspberry_Pi/Pico_SDK_v1.5.1/pico-sdk/src/rp2_common/hardware_sync/sync.c.obj
                0x10000808                spin_lock_claim_unused
 .text.set_raw_irq_handler_and_unlock
                0x10000828       0x28 CMakeFiles/ws2812.dir/C_/Program_Files/Raspberry_Pi/Pico_SDK_v1.5.1/pico-sdk/src/rp2_common/hardware_irq/irq.c.obj
 .text.make_branch
                0x10000850       0x48 CMakeFiles/ws2812.dir/C_/Program_Files/Raspberry_Pi/Pico_SDK_v1.5.1/pico-sdk/src/rp2_common/hardware_irq/irq.c.obj
 .text.insert_branch_and_link
                0x10000898       0x40 CMakeFiles/ws2812.dir/C_/Program_Files/Raspberry_Pi/Pico_SDK_v1.5.1/pico-sdk/src/rp2_common/hardware_irq/irq.c.obj
 .text.irq_is_enabled
                0x100008d8       0x18 CMakeFiles/ws2812.dir/C_/Program_Files/Raspberry_Pi/Pico_SDK_v1.5.1/pico-sdk/src/rp2_common/hardware_irq/irq.c.obj
                0x100008d8                irq_is_enabled
 .text.irq_set_mask_enabled
                0x100008f0       0x20 CMakeFiles/ws2812.dir/C_/Program_Files/Raspberry_Pi/Pico_SDK_v1.5.1/pico-sdk/src/rp2_common/hardware_irq/irq.c.obj
                0x100008f0                irq_set_mask_enabled
 .text.irq_set_enabled
                0x10000910        0xe CMakeFiles/ws2812.dir/C_/Program_Files/Raspberry_Pi/Pico_SDK_v1.5.1/pico-sdk/src/rp2_common/hardware_irq/irq.c.obj
                0x10000910                irq_set_enabled
 *fill*         0x1000091e        0x2 
 .text.irq_set_pending
                0x10000920       0x10 CMakeFiles/ws2812.dir/C_/Program_Files/Raspberry_Pi/Pico_SDK_v1.5.1/pico-sdk/src/rp2_common/hardware_irq/irq.c.obj
                0x10000920                irq_set_pending
 .text.irq_get_vtable_handler
                0x10000930       0x10 CMakeFiles/ws2812.dir/C_/Program_Files/Raspberry_Pi/Pico_SDK_v1.5.1/pico-sdk/src/rp2_common/hardware_irq/irq.c.obj
                0x10000930                irq_get_vtable_handler
 .text.irq_has_shared_handler
                0x10000940       0x24 CMakeFiles/ws2812.dir/C_/Program_Files/Raspberry_Pi/Pico_SDK_v1.5.1/pico-sdk/src/rp2_common/hardware_irq/irq.c.obj
                0x10000940                irq_has_shared_handler
 .text.irq_set_exclusive_handler
                0x10000964       0x54 CMakeFiles/ws2812.dir/C_/Program_Files/Raspberry_Pi/Pico_SDK_v1.5.1/pico-sdk/src/rp2_common/hardware_irq/irq.c.obj
                0x10000964                irq_set_exclusive_handler
 .text.irq_add_shared_handler
                0x100009b8      0x234 CMakeFiles/ws2812.dir/C_/Program_Files/Raspberry_Pi/Pico_SDK_v1.5.1/pico-sdk/src/rp2_common/hardware_irq/irq.c.obj
                0x100009b8                irq_add_shared_handler
 .text.irq_remove_handler
                0x10000bec      0x1ac CMakeFiles/ws2812.dir/C_/Program_Files/Raspberry_Pi/Pico_SDK_v1.5.1/pico-sdk/src/rp2_common/hardware_irq/irq.c.obj
                0x10000bec                irq_remove_handler
 .text.irq_add_tail_to_free_list
                0x10000d98       0xf0 CMakeFiles/ws2812.dir/C_/Program_Files/Raspberry_Pi/Pico_SDK_v1.5.1/pico-sdk/src/rp2_common/hardware_irq/irq.c.obj
                0x10000d98                irq_add_tail_to_free_list
 .text.irq_init_priorities
                0x10000e88       0x1c CMakeFiles/ws2812.dir/C_/Program_Files/Raspberry_Pi/Pico_SDK_v1.5.1/pico-sdk/src/rp2_common/hardware_irq/irq.c.obj
                0x10000e88                irq_init_priorities
 .text.user_irq_claim_unused
                0x10000ea4       0x28 CMakeFiles/ws2812.dir/C_/Program_Files/Raspberry_Pi/Pico_SDK_v1.5.1/pico-sdk/src/rp2_common/hardware_irq/irq.c.obj
                0x10000ea4                user_irq_claim_unused
 .text.lock_init
                0x10000ecc       0x10 CMakeFiles/ws2812.dir/C_/Program_Files/Raspberry_Pi/Pico_SDK_v1.5.1/pico-sdk/src/common/pico_sync/lock_core.c.obj
                0x10000ecc                lock_init
 .text.mutex_init
                0x10000edc       0x1a CMakeFiles/ws2812.dir/C_/Program_Files/Raspberry_Pi/Pico_SDK_v1.5.1/pico-sdk/src/common/pico_sync/mutex.c.obj
                0x10000edc                mutex_init
 .text.recursive_mutex_init
                0x10000ef6       0x1e CMakeFiles/ws2812.dir/C_/Program_Files/Raspberry_Pi/Pico_SDK_v1.5.1/pico-sdk/src/common/pico_sync/mutex.c.obj
                0x10000ef6                recursive_mutex_init
 .text.critical_section_init_with_lock_num
                0x10000f14       0x14 CMakeFiles/ws2812.dir/C_/Program_Files/Raspberry_Pi/Pico_SDK_v1.5.1/pico-sdk/src/common/pico_sync/critical_section.c.obj
                0x10000f14                critical_section_init_with_lock_num
 .text.critical_section_init
                0x10000f28       0x14 CMakeFiles/ws2812.dir/C_/Program_Files/Raspberry_Pi/Pico_SDK_v1.5.1/pico-sdk/src/common/pico_sync/critical_section.c.obj
                0x10000f28                critical_section_init
 .text.repeating_timer_callback
                0x10000f3c       0x40 CMakeFiles/ws2812.dir/C_/Program_Files/Raspberry_Pi/Pico_SDK_v1.5.1/pico-sdk/src/common/pico_time/time.c.obj
 .text.alarm_pool_post_alloc_init
                0x10000f7c       0x40 CMakeFiles/ws2812.dir/C_/Program_Files/Raspberry_Pi/Pico_SDK_v1.5.1/pico-sdk/src/common/pico_time/time.c.obj
 .text.sleep_until_callback
                0x10000fbc       0x30 CMakeFiles/ws2812.dir/C_/Program_Files/Raspberry_Pi/Pico_SDK_v1.5.1/pico-sdk/src/common/pico_time/time.c.obj
 .text.timer_pool_entry_comparator
                0x10000fec       0x7c CMakeFiles/ws2812.dir/C_/Program_Files/Raspberry_Pi/Pico_SDK_v1.5.1/pico-sdk/src/common/pico_time/time.c.obj
                0x10000fec                timer_pool_entry_comparator
 .text.ph_add_child_node
                0x10001068       0xa4 CMakeFiles/ws2812.dir/C_/Program_Files/Raspberry_Pi/Pico_SDK_v1.5.1/pico-sdk/src/common/pico_time/time.c.obj
 .text.ph_merge_nodes
                0x1000110c       0x3e CMakeFiles/ws2812.dir/C_/Program_Files/Raspberry_Pi/Pico_SDK_v1.5.1/pico-sdk/src/common/pico_time/time.c.obj
 *fill*         0x1000114a        0x2 
 .text.add_alarm_under_lock
                0x1000114c      0x174 CMakeFiles/ws2812.dir/C_/Program_Files/Raspberry_Pi/Pico_SDK_v1.5.1/pico-sdk/src/common/pico_time/time.c.obj
 .text.alarm_pool_alarm_callback
                0x100012c0      0x33c CMakeFiles/ws2812.dir/C_/Program_Files/Raspberry_Pi/Pico_SDK_v1.5.1/pico-sdk/src/common/pico_time/time.c.obj
 .text.alarm_pool_init_default
                0x100015fc       0x40 CMakeFiles/ws2812.dir/C_/Program_Files/Raspberry_Pi/Pico_SDK_v1.5.1/pico-sdk/src/common/pico_time/time.c.obj
                0x100015fc                alarm_pool_init_default
 .text.alarm_pool_get_default
                0x1000163c       0x2c CMakeFiles/ws2812.dir/C_/Program_Files/Raspberry_Pi/Pico_SDK_v1.5.1/pico-sdk/src/common/pico_time/time.c.obj
                0x1000163c                alarm_pool_get_default
 .text.alarm_pool_add_alarm_at
                0x10001668      0x168 CMakeFiles/ws2812.dir/C_/Program_Files/Raspberry_Pi/Pico_SDK_v1.5.1/pico-sdk/src/common/pico_time/time.c.obj
                0x10001668                alarm_pool_add_alarm_at
 .text.alarm_pool_cancel_alarm
                0x100017d0       0xf8 CMakeFiles/ws2812.dir/C_/Program_Files/Raspberry_Pi/Pico_SDK_v1.5.1/pico-sdk/src/common/pico_time/time.c.obj
                0x100017d0                alarm_pool_cancel_alarm
 .text.alarm_pool_core_num
                0x100018c8        0x4 CMakeFiles/ws2812.dir/C_/Program_Files/Raspberry_Pi/Pico_SDK_v1.5.1/pico-sdk/src/common/pico_time/time.c.obj
                0x100018c8                alarm_pool_core_num
 .text.alarm_pool_add_repeating_timer_us
                0x100018cc       0x98 CMakeFiles/ws2812.dir/C_/Program_Files/Raspberry_Pi/Pico_SDK_v1.5.1/pico-sdk/src/common/pico_time/time.c.obj
                0x100018cc                alarm_pool_add_repeating_timer_us
 .text.sleep_until
                0x10001964       0xfc CMakeFiles/ws2812.dir/C_/Program_Files/Raspberry_Pi/Pico_SDK_v1.5.1/pico-sdk/src/common/pico_time/time.c.obj
                0x10001964                sleep_until
 .text.sleep_us
                0x10001a60       0x58 CMakeFiles/ws2812.dir/C_/Program_Files/Raspberry_Pi/Pico_SDK_v1.5.1/pico-sdk/src/common/pico_time/time.c.obj
                0x10001a60                sleep_us
 .text.best_effort_wfe_or_timeout
                0x10001ab8       0xac CMakeFiles/ws2812.dir/C_/Program_Files/Raspberry_Pi/Pico_SDK_v1.5.1/pico-sdk/src/common/pico_time/time.c.obj
                0x10001ab8                best_effort_wfe_or_timeout
 .text.hardware_alarm_irq_handler
                0x10001b64       0x90 CMakeFiles/ws2812.dir/C_/Program_Files/Raspberry_Pi/Pico_SDK_v1.5.1/pico-sdk/src/rp2_common/hardware_timer/timer.c.obj
 .text.hardware_alarm_claim
                0x10001bf4       0x18 CMakeFiles/ws2812.dir/C_/Program_Files/Raspberry_Pi/Pico_SDK_v1.5.1/pico-sdk/src/rp2_common/hardware_timer/timer.c.obj
                0x10001bf4                hardware_alarm_claim
 .text.time_us_64
                0x10001c0c       0x18 CMakeFiles/ws2812.dir/C_/Program_Files/Raspberry_Pi/Pico_SDK_v1.5.1/pico-sdk/src/rp2_common/hardware_timer/timer.c.obj
                0x10001c0c                time_us_64
 .text.busy_wait_until
                0x10001c24       0x28 CMakeFiles/ws2812.dir/C_/Program_Files/Raspberry_Pi/Pico_SDK_v1.5.1/pico-sdk/src/rp2_common/hardware_timer/timer.c.obj
                0x10001c24                busy_wait_until
 .text.busy_wait_us
                0x10001c4c       0x48 CMakeFiles/ws2812.dir/C_/Program_Files/Raspberry_Pi/Pico_SDK_v1.5.1/pico-sdk/src/rp2_common/hardware_timer/timer.c.obj
                0x10001c4c                busy_wait_us
 .text.hardware_alarm_set_callback
                0x10001c94       0x90 CMakeFiles/ws2812.dir/C_/Program_Files/Raspberry_Pi/Pico_SDK_v1.5.1/pico-sdk/src/rp2_common/hardware_timer/timer.c.obj
                0x10001c94                hardware_alarm_set_callback
 .text.hardware_alarm_set_target
                0x10001d24       0xe8 CMakeFiles/ws2812.dir/C_/Program_Files/Raspberry_Pi/Pico_SDK_v1.5.1/pico-sdk/src/rp2_common/hardware_timer/timer.c.obj
                0x10001d24                hardware_alarm_set_target
 .text.hardware_alarm_cancel
                0x10001e0c       0x40 CMakeFiles/ws2812.dir/C_/Program_Files/Raspberry_Pi/Pico_SDK_v1.5.1/pico-sdk/src/rp2_common/hardware_timer/timer.c.obj
                0x10001e0c                hardware_alarm_cancel
 .text.ph_add_child_node
                0x10001e4c       0xa4 CMakeFiles/ws2812.dir/C_/Program_Files/Raspberry_Pi/Pico_SDK_v1.5.1/pico-sdk/src/common/pico_util/pheap.c.obj
 .text.ph_merge_nodes
                0x10001ef0       0x3e CMakeFiles/ws2812.dir/C_/Program_Files/Raspberry_Pi/Pico_SDK_v1.5.1/pico-sdk/src/common/pico_util/pheap.c.obj
 *fill*         0x10001f2e        0x2 
 .text.ph_clear
                0x10001f30       0x70 CMakeFiles/ws2812.dir/C_/Program_Files/Raspberry_Pi/Pico_SDK_v1.5.1/pico-sdk/src/common/pico_util/pheap.c.obj
                0x10001f30                ph_clear
 .text.ph_post_alloc_init
                0x10001fa0        0xe CMakeFiles/ws2812.dir/C_/Program_Files/Raspberry_Pi/Pico_SDK_v1.5.1/pico-sdk/src/common/pico_util/pheap.c.obj
                0x10001fa0                ph_post_alloc_init
 *fill*         0x10001fae        0x2 
 .text.ph_merge_two_pass
                0x10001fb0       0xa8 CMakeFiles/ws2812.dir/C_/Program_Files/Raspberry_Pi/Pico_SDK_v1.5.1/pico-sdk/src/common/pico_util/pheap.c.obj
                0x10001fb0                ph_merge_two_pass
 .text.ph_remove_any_head
                0x10002058      0x128 CMakeFiles/ws2812.dir/C_/Program_Files/Raspberry_Pi/Pico_SDK_v1.5.1/pico-sdk/src/common/pico_util/pheap.c.obj
 .text.ph_remove_head
                0x10002180       0x14 CMakeFiles/ws2812.dir/C_/Program_Files/Raspberry_Pi/Pico_SDK_v1.5.1/pico-sdk/src/common/pico_util/pheap.c.obj
                0x10002180                ph_remove_head
 .text.ph_remove_and_free_node
                0x10002194       0xf8 CMakeFiles/ws2812.dir/C_/Program_Files/Raspberry_Pi/Pico_SDK_v1.5.1/pico-sdk/src/common/pico_util/pheap.c.obj
                0x10002194                ph_remove_and_free_node
 .text.clock_configure
                0x1000228c      0x108 CMakeFiles/ws2812.dir/C_/Program_Files/Raspberry_Pi/Pico_SDK_v1.5.1/pico-sdk/src/rp2_common/hardware_clocks/clocks.c.obj
                0x1000228c                clock_configure
 .text.clocks_init
                0x10002394      0x100 CMakeFiles/ws2812.dir/C_/Program_Files/Raspberry_Pi/Pico_SDK_v1.5.1/pico-sdk/src/rp2_common/hardware_clocks/clocks.c.obj
                0x10002394                clocks_init
 .text.clock_get_hz
                0x10002494        0xc CMakeFiles/ws2812.dir/C_/Program_Files/Raspberry_Pi/Pico_SDK_v1.5.1/pico-sdk/src/rp2_common/hardware_clocks/clocks.c.obj
                0x10002494                clock_get_hz
 .text.pll_init
                0x100024a0      0x120 CMakeFiles/ws2812.dir/C_/Program_Files/Raspberry_Pi/Pico_SDK_v1.5.1/pico-sdk/src/rp2_common/hardware_pll/pll.c.obj
                0x100024a0                pll_init
 .text.watchdog_start_tick
                0x100025c0       0x10 CMakeFiles/ws2812.dir/C_/Program_Files/Raspberry_Pi/Pico_SDK_v1.5.1/pico-sdk/src/rp2_common/hardware_watchdog/watchdog.c.obj
                0x100025c0                watchdog_start_tick
 .text.watchdog_update
                0x100025d0       0x14 CMakeFiles/ws2812.dir/C_/Program_Files/Raspberry_Pi/Pico_SDK_v1.5.1/pico-sdk/src/rp2_common/hardware_watchdog/watchdog.c.obj
                0x100025d0                watchdog_update
 .text._watchdog_enable
                0x100025e4       0x78 CMakeFiles/ws2812.dir/C_/Program_Files/Raspberry_Pi/Pico_SDK_v1.5.1/pico-sdk/src/rp2_common/hardware_watchdog/watchdog.c.obj
                0x100025e4                _watchdog_enable
 .text.watchdog_reboot
                0x1000265c       0x48 CMakeFiles/ws2812.dir/C_/Program_Files/Raspberry_Pi/Pico_SDK_v1.5.1/pico-sdk/src/rp2_common/hardware_watchdog/watchdog.c.obj
                0x1000265c                watchdog_reboot
 .text.xosc_init
                0x100026a4       0x28 CMakeFiles/ws2812.dir/C_/Program_Files/Raspberry_Pi/Pico_SDK_v1.5.1/pico-sdk/src/rp2_common/hardware_xosc/xosc.c.obj
                0x100026a4                xosc_init
 .text._exit    0x100026cc        0x4 CMakeFiles/ws2812.dir/C_/Program_Files/Raspberry_Pi/Pico_SDK_v1.5.1/pico-sdk/src/rp2_common/pico_runtime/runtime.c.obj
                0x100026cc                _exit
 .text._sbrk    0x100026d0       0x38 CMakeFiles/ws2812.dir/C_/Program_Files/Raspberry_Pi/Pico_SDK_v1.5.1/pico-sdk/src/rp2_common/pico_runtime/runtime.c.obj
                0x100026d0                _sbrk
 .text.exit     0x10002708        0x6 CMakeFiles/ws2812.dir/C_/Program_Files/Raspberry_Pi/Pico_SDK_v1.5.1/pico-sdk/src/rp2_common/pico_runtime/runtime.c.obj
                0x10002708                exit
 *fill*         0x1000270e        0x2 
 .text.__assert_func
                0x10002710       0x3c CMakeFiles/ws2812.dir/C_/Program_Files/Raspberry_Pi/Pico_SDK_v1.5.1/pico-sdk/src/rp2_common/pico_runtime/runtime.c.obj
                0x10002710                __assert_func
 .text.runtime_init
                0x1000274c       0xf8 CMakeFiles/ws2812.dir/C_/Program_Files/Raspberry_Pi/Pico_SDK_v1.5.1/pico-sdk/src/rp2_common/pico_runtime/runtime.c.obj
                0x1000274c                runtime_init
 .text.panic    0x10002844       0x30 CMakeFiles/ws2812.dir/C_/Program_Files/Raspberry_Pi/Pico_SDK_v1.5.1/pico-sdk/src/rp2_common/pico_runtime/runtime.c.obj
                0x10002844                panic
 .text._out_buffer
                0x10002874        0x8 CMakeFiles/ws2812.dir/C_/Program_Files/Raspberry_Pi/Pico_SDK_v1.5.1/pico-sdk/src/rp2_common/pico_printf/printf.c.obj
 .text._out_null
                0x1000287c        0x2 CMakeFiles/ws2812.dir/C_/Program_Files/Raspberry_Pi/Pico_SDK_v1.5.1/pico-sdk/src/rp2_common/pico_printf/printf.c.obj
 .text._out_fct
                0x1000287e        0xe CMakeFiles/ws2812.dir/C_/Program_Files/Raspberry_Pi/Pico_SDK_v1.5.1/pico-sdk/src/rp2_common/pico_printf/printf.c.obj
 .text._atoi    0x1000288c       0x24 CMakeFiles/ws2812.dir/C_/Program_Files/Raspberry_Pi/Pico_SDK_v1.5.1/pico-sdk/src/rp2_common/pico_printf/printf.c.obj
 .text._out_rev
                0x100028b0       0xae CMakeFiles/ws2812.dir/C_/Program_Files/Raspberry_Pi/Pico_SDK_v1.5.1/pico-sdk/src/rp2_common/pico_printf/printf.c.obj
 .text._ntoa_format
                0x1000295e      0x112 CMakeFiles/ws2812.dir/C_/Program_Files/Raspberry_Pi/Pico_SDK_v1.5.1/pico-sdk/src/rp2_common/pico_printf/printf.c.obj
 .text._ntoa_long
                0x10002a70       0xbc CMakeFiles/ws2812.dir/C_/Program_Files/Raspberry_Pi/Pico_SDK_v1.5.1/pico-sdk/src/rp2_common/pico_printf/printf.c.obj
 .text._ntoa_long_long
                0x10002b2c       0xe2 CMakeFiles/ws2812.dir/C_/Program_Files/Raspberry_Pi/Pico_SDK_v1.5.1/pico-sdk/src/rp2_common/pico_printf/printf.c.obj
 *fill*         0x10002c0e        0x2 
 .text._etoa    0x10002c10      0x414 CMakeFiles/ws2812.dir/C_/Program_Files/Raspberry_Pi/Pico_SDK_v1.5.1/pico-sdk/src/rp2_common/pico_printf/printf.c.obj
 .text._ftoa    0x10003024      0x354 CMakeFiles/ws2812.dir/C_/Program_Files/Raspberry_Pi/Pico_SDK_v1.5.1/pico-sdk/src/rp2_common/pico_printf/printf.c.obj
 .text._vsnprintf
                0x10003378      0x624 CMakeFiles/ws2812.dir/C_/Program_Files/Raspberry_Pi/Pico_SDK_v1.5.1/pico-sdk/src/rp2_common/pico_printf/printf.c.obj
 .text.__wrap_sprintf
                0x1000399c       0x28 CMakeFiles/ws2812.dir/C_/Program_Files/Raspberry_Pi/Pico_SDK_v1.5.1/pico-sdk/src/rp2_common/pico_printf/printf.c.obj
                0x1000399c                __wrap_sprintf
 .text.vfctprintf
                0x100039c4       0x20 CMakeFiles/ws2812.dir/C_/Program_Files/Raspberry_Pi/Pico_SDK_v1.5.1/pico-sdk/src/rp2_common/pico_printf/printf.c.obj
                0x100039c4                vfctprintf
 .text          0x100039e4       0x10 CMakeFiles/ws2812.dir/C_/Program_Files/Raspberry_Pi/Pico_SDK_v1.5.1/pico-sdk/src/rp2_common/pico_bit_ops/bit_ops_aeabi.S.obj
 .text.rom_func_lookup
                0x100039f4       0x10 CMakeFiles/ws2812.dir/C_/Program_Files/Raspberry_Pi/Pico_SDK_v1.5.1/pico-sdk/src/rp2_common/pico_bootrom/bootrom.c.obj
                0x100039f4                rom_func_lookup
 .text.rom_data_lookup
                0x10003a04       0x10 CMakeFiles/ws2812.dir/C_/Program_Files/Raspberry_Pi/Pico_SDK_v1.5.1/pico-sdk/src/rp2_common/pico_bootrom/bootrom.c.obj
                0x10003a04                rom_data_lookup
 .text.rom_funcs_lookup
                0x10003a14       0x36 CMakeFiles/ws2812.dir/C_/Program_Files/Raspberry_Pi/Pico_SDK_v1.5.1/pico-sdk/src/rp2_common/pico_bootrom/bootrom.c.obj
                0x10003a14                rom_funcs_lookup
 *fill*         0x10003a4a        0x2 
 .text.__wrap___aeabi_idiv
                0x10003a4c       0x50 CMakeFiles/ws2812.dir/C_/Program_Files/Raspberry_Pi/Pico_SDK_v1.5.1/pico-sdk/src/rp2_common/pico_divider/divider.S.obj
                0x10003a4c                __wrap___aeabi_idivmod
                0x10003a4c                divmod_s32s32
                0x10003a4c                div_s32s32
                0x10003a4c                __wrap___aeabi_idiv
                0x10003a54                divmod_s32s32_unsafe
                0x10003a80                divmod_s32s32_savestate
 .text.__wrap___aeabi_uidiv
                0x10003a9c       0x4c CMakeFiles/ws2812.dir/C_/Program_Files/Raspberry_Pi/Pico_SDK_v1.5.1/pico-sdk/src/rp2_common/pico_divider/divider.S.obj
                0x10003a9c                __wrap___aeabi_uidiv
                0x10003a9c                __wrap___aeabi_uidivmod
                0x10003a9c                div_u32u32
                0x10003a9c                divmod_u32u32
                0x10003aa4                divmod_u32u32_unsafe
                0x10003acc                divmod_u32u32_savestate
 .text.__wrap___aeabi_ldiv
                0x10003ae8      0x424 CMakeFiles/ws2812.dir/C_/Program_Files/Raspberry_Pi/Pico_SDK_v1.5.1/pico-sdk/src/rp2_common/pico_divider/divider.S.obj
                0x10003ae8                div_s64s64
                0x10003ae8                divmod_s64s64
                0x10003ae8                __wrap___aeabi_ldivmod
                0x10003b18                divmod_u64u64
                0x10003b18                div_u64u64
                0x10003b18                __wrap___aeabi_uldivmod
                0x10003b28                divmod_u64u64_savestate
                0x10003b48                divmod_s64s64_unsafe
                0x10003bd0                divmod_u64u64_unsafe
 .text.__wrap___aeabi_darithmetic
                0x10003f0c       0x80 CMakeFiles/ws2812.dir/C_/Program_Files/Raspberry_Pi/Pico_SDK_v1.5.1/pico-sdk/src/rp2_common/pico_double/double_aeabi.S.obj
                0x10003f0c                __wrap___aeabi_drsub
                0x10003f12                __wrap___aeabi_dsub
                0x10003f24                __wrap___aeabi_dadd
                0x10003f36                __wrap___aeabi_ddiv
                0x10003f72                __wrap___aeabi_dmul
 .text.__wrap___aeabi_cdcmple
                0x10003f8c       0x6c CMakeFiles/ws2812.dir/C_/Program_Files/Raspberry_Pi/Pico_SDK_v1.5.1/pico-sdk/src/rp2_common/pico_double/double_aeabi.S.obj
                0x10003f8c                __wrap___aeabi_cdrcmple
                0x10003f9c                __wrap___aeabi_cdcmpeq
                0x10003f9c                __wrap___aeabi_cdcmple
 .text.__wrap___aeabi_dcmpeq
                0x10003ff8       0x10 CMakeFiles/ws2812.dir/C_/Program_Files/Raspberry_Pi/Pico_SDK_v1.5.1/pico-sdk/src/rp2_common/pico_double/double_aeabi.S.obj
                0x10003ff8                __wrap___aeabi_dcmpeq
 .text.__wrap___aeabi_dcmplt
                0x10004008        0xc CMakeFiles/ws2812.dir/C_/Program_Files/Raspberry_Pi/Pico_SDK_v1.5.1/pico-sdk/src/rp2_common/pico_double/double_aeabi.S.obj
                0x10004008                __wrap___aeabi_dcmplt
 .text.__wrap___aeabi_dcmple
                0x10004014       0x10 CMakeFiles/ws2812.dir/C_/Program_Files/Raspberry_Pi/Pico_SDK_v1.5.1/pico-sdk/src/rp2_common/pico_double/double_aeabi.S.obj
                0x10004014                __wrap___aeabi_dcmple
 .text.__wrap___aeabi_dcmpge
                0x10004024       0x10 CMakeFiles/ws2812.dir/C_/Program_Files/Raspberry_Pi/Pico_SDK_v1.5.1/pico-sdk/src/rp2_common/pico_double/double_aeabi.S.obj
                0x10004024                __wrap___aeabi_dcmpge
 .text.__wrap___aeabi_dcmpgt
                0x10004034        0xa CMakeFiles/ws2812.dir/C_/Program_Files/Raspberry_Pi/Pico_SDK_v1.5.1/pico-sdk/src/rp2_common/pico_double/double_aeabi.S.obj
                0x10004034                __wrap___aeabi_dcmpgt
 .text.__wrap___aeabi_dcmpun
                0x1000403e       0x1c CMakeFiles/ws2812.dir/C_/Program_Files/Raspberry_Pi/Pico_SDK_v1.5.1/pico-sdk/src/rp2_common/pico_double/double_aeabi.S.obj
                0x1000403e                __wrap___aeabi_dcmpun
 *fill*         0x1000405a        0x2 
 .text.__wrap___aeabi_i2d
                0x1000405c       0x38 CMakeFiles/ws2812.dir/C_/Program_Files/Raspberry_Pi/Pico_SDK_v1.5.1/pico-sdk/src/rp2_common/pico_double/double_aeabi.S.obj
                0x1000405c                __wrap___aeabi_ui2d
                0x10004064                __wrap___aeabi_i2d
 .text.__wrap___aeabi_d2iz
                0x10004094       0x48 CMakeFiles/ws2812.dir/C_/Program_Files/Raspberry_Pi/Pico_SDK_v1.5.1/pico-sdk/src/rp2_common/pico_double/double_aeabi.S.obj
                0x10004094                double2int_z
                0x10004094                __wrap___aeabi_d2iz
 .text.__wrap___aeabi_d2uiz
                0x100040dc       0x18 CMakeFiles/ws2812.dir/C_/Program_Files/Raspberry_Pi/Pico_SDK_v1.5.1/pico-sdk/src/rp2_common/pico_double/double_aeabi.S.obj
                0x100040dc                __wrap___aeabi_d2uiz
                0x100040dc                double2uint
 .text.__wrap___aeabi_l2d
                0x100040f4       0x18 CMakeFiles/ws2812.dir/C_/Program_Files/Raspberry_Pi/Pico_SDK_v1.5.1/pico-sdk/src/rp2_common/pico_double/double_aeabi.S.obj
                0x100040f4                __wrap___aeabi_l2d
 .text.__wrap___aeabi_d2lz
                0x1000410c       0x26 CMakeFiles/ws2812.dir/C_/Program_Files/Raspberry_Pi/Pico_SDK_v1.5.1/pico-sdk/src/rp2_common/pico_double/double_aeabi.S.obj
                0x1000410c                double2int64_z
                0x1000410c                __wrap___aeabi_d2lz
 *fill*         0x10004132        0x2 
 .text.double2int64
                0x10004134       0x18 CMakeFiles/ws2812.dir/C_/Program_Files/Raspberry_Pi/Pico_SDK_v1.5.1/pico-sdk/src/rp2_common/pico_double/double_aeabi.S.obj
                0x10004134                double2int64
 .text.double2ufix64
                0x1000414c       0x18 CMakeFiles/ws2812.dir/C_/Program_Files/Raspberry_Pi/Pico_SDK_v1.5.1/pico-sdk/src/rp2_common/pico_double/double_aeabi.S.obj
                0x1000414c                double2ufix64
 .text.__wrap___aeabi_d2f
                0x10004164       0x18 CMakeFiles/ws2812.dir/C_/Program_Files/Raspberry_Pi/Pico_SDK_v1.5.1/pico-sdk/src/rp2_common/pico_double/double_aeabi.S.obj
                0x10004164                __wrap___aeabi_d2f
 .text.__aeabi_double_init
                0x1000417c       0xc8 CMakeFiles/ws2812.dir/C_/Program_Files/Raspberry_Pi/Pico_SDK_v1.5.1/pico-sdk/src/rp2_common/pico_double/double_init_rom.c.obj
                0x1000417c                __aeabi_double_init
 .text.double_table_shim_on_use_helper
                0x10004244       0x34 CMakeFiles/ws2812.dir/C_/Program_Files/Raspberry_Pi/Pico_SDK_v1.5.1/pico-sdk/src/rp2_common/pico_double/double_v1_rom_shim.S.obj
                0x10004244                double_table_shim_on_use_helper
 .text.__wrap___aeabi_dsub
                0x10004278       0x10 CMakeFiles/ws2812.dir/C_/Program_Files/Raspberry_Pi/Pico_SDK_v1.5.1/pico-sdk/src/rp2_common/pico_double/double_v1_rom_shim.S.obj
                0x10004278                drsub_shim
                0x1000427e                dsub_shim
 .text.dadd_shim
                0x10004288      0x15c CMakeFiles/ws2812.dir/C_/Program_Files/Raspberry_Pi/Pico_SDK_v1.5.1/pico-sdk/src/rp2_common/pico_double/double_v1_rom_shim.S.obj
                0x10004288                dadd_shim
 .text.dmul_shim
                0x100043e4      0x15c CMakeFiles/ws2812.dir/C_/Program_Files/Raspberry_Pi/Pico_SDK_v1.5.1/pico-sdk/src/rp2_common/pico_double/double_v1_rom_shim.S.obj
                0x100043e4                dmul_shim
 .text.ddiv_shim
                0x10004540      0x1b0 CMakeFiles/ws2812.dir/C_/Program_Files/Raspberry_Pi/Pico_SDK_v1.5.1/pico-sdk/src/rp2_common/pico_double/double_v1_rom_shim.S.obj
                0x10004540                ddiv_shim
 .text.double2uint_shim
                0x100046f0        0xe CMakeFiles/ws2812.dir/C_/Program_Files/Raspberry_Pi/Pico_SDK_v1.5.1/pico-sdk/src/rp2_common/pico_double/double_v1_rom_shim.S.obj
                0x100046f0                double2uint_shim
                0x100046f2                double2ufix_shim
 .text.double2int64_shim
                0x100046fe       0x1a CMakeFiles/ws2812.dir/C_/Program_Files/Raspberry_Pi/Pico_SDK_v1.5.1/pico-sdk/src/rp2_common/pico_double/double_v1_rom_shim.S.obj
                0x100046fe                double2int64_shim
                0x10004700                double2fix64_shim
 .text.double2uint64_shim
                0x10004718       0x70 CMakeFiles/ws2812.dir/C_/Program_Files/Raspberry_Pi/Pico_SDK_v1.5.1/pico-sdk/src/rp2_common/pico_double/double_v1_rom_shim.S.obj
                0x10004718                double2uint64_shim
                0x1000471a                double2ufix64_shim
                0x1000473a                d2fix_a
 .text.double2float_shim
                0x10004788       0x5c CMakeFiles/ws2812.dir/C_/Program_Files/Raspberry_Pi/Pico_SDK_v1.5.1/pico-sdk/src/rp2_common/pico_double/double_v1_rom_shim.S.obj
                0x10004788                double2float_shim
 .text.x2double_shims
                0x100047e4       0x90 CMakeFiles/ws2812.dir/C_/Program_Files/Raspberry_Pi/Pico_SDK_v1.5.1/pico-sdk/src/rp2_common/pico_double/double_v1_rom_shim.S.obj
                0x100047e4                uint2double_shim
                0x100047e6                ufix2double_shim
                0x100047ec                int2double_shim
                0x100047ee                fix2double_shim
                0x100047f4                uint642double_shim
                0x100047f6                ufix642double_shim
                0x100047fc                int642double_shim
                0x100047fe                fix642double_shim
 .text.dunpacks
                0x10004874       0x3c CMakeFiles/ws2812.dir/C_/Program_Files/Raspberry_Pi/Pico_SDK_v1.5.1/pico-sdk/src/rp2_common/pico_double/double_v1_rom_shim.S.obj
                0x10004874                dunpacks
 .text.__aeabi_lmul
                0x100048b0       0x32 CMakeFiles/ws2812.dir/C_/Program_Files/Raspberry_Pi/Pico_SDK_v1.5.1/pico-sdk/src/rp2_common/pico_int64_ops/pico_int64_ops_aeabi.S.obj
                0x100048b0                __wrap___aeabi_lmul
 *fill*         0x100048e2        0x2 
 .text.__wrap___aeabi_farithmetic
                0x100048e4       0x58 CMakeFiles/ws2812.dir/C_/Program_Files/Raspberry_Pi/Pico_SDK_v1.5.1/pico-sdk/src/rp2_common/pico_float/float_aeabi.S.obj
                0x100048e4                __wrap___aeabi_frsub
                0x100048ea                __wrap___aeabi_fsub
                0x100048f4                __wrap___aeabi_fadd
                0x100048fe                __wrap___aeabi_fdiv
                0x1000492a                __wrap___aeabi_fmul
 .text.__wrap___aeabi_ui2f
                0x1000493c        0xa CMakeFiles/ws2812.dir/C_/Program_Files/Raspberry_Pi/Pico_SDK_v1.5.1/pico-sdk/src/rp2_common/pico_float/float_aeabi.S.obj
                0x1000493c                __wrap___aeabi_ui2f
 *fill*         0x10004946        0x2 
 .text.__wrap___aeabi_i2f
                0x10004948       0x44 CMakeFiles/ws2812.dir/C_/Program_Files/Raspberry_Pi/Pico_SDK_v1.5.1/pico-sdk/src/rp2_common/pico_float/float_aeabi.S.obj
                0x10004948                __wrap___aeabi_i2f
 .text.__wrap___aeabi_f2uiz
                0x1000498c       0x10 CMakeFiles/ws2812.dir/C_/Program_Files/Raspberry_Pi/Pico_SDK_v1.5.1/pico-sdk/src/rp2_common/pico_float/float_aeabi.S.obj
                0x1000498c                __wrap___aeabi_f2uiz
 .text.__aeabi_float_init
                0x1000499c       0xfc CMakeFiles/ws2812.dir/C_/Program_Files/Raspberry_Pi/Pico_SDK_v1.5.1/pico-sdk/src/rp2_common/pico_float/float_init_rom.c.obj
                0x1000499c                __aeabi_float_init
 .text.float_table_shim_on_use_helper
                0x10004a98       0x34 CMakeFiles/ws2812.dir/C_/Program_Files/Raspberry_Pi/Pico_SDK_v1.5.1/pico-sdk/src/rp2_common/pico_float/float_v1_rom_shim.S.obj
                0x10004a98                float_table_shim_on_use_helper
 .text.__wrap_malloc
                0x10004acc       0x3c CMakeFiles/ws2812.dir/C_/Program_Files/Raspberry_Pi/Pico_SDK_v1.5.1/pico-sdk/src/rp2_common/pico_malloc/pico_malloc.c.obj
                0x10004acc                __wrap_malloc
 .text.__wrap_realloc
                0x10004b08       0x40 CMakeFiles/ws2812.dir/C_/Program_Files/Raspberry_Pi/Pico_SDK_v1.5.1/pico-sdk/src/rp2_common/pico_malloc/pico_malloc.c.obj
                0x10004b08                __wrap_realloc
 .text.__wrap_free
                0x10004b48       0x20 CMakeFiles/ws2812.dir/C_/Program_Files/Raspberry_Pi/Pico_SDK_v1.5.1/pico-sdk/src/rp2_common/pico_malloc/pico_malloc.c.obj
                0x10004b48                __wrap_free
 .text          0x10004b68       0x10 CMakeFiles/ws2812.dir/C_/Program_Files/Raspberry_Pi/Pico_SDK_v1.5.1/pico-sdk/src/rp2_common/pico_mem_ops/mem_ops_aeabi.S.obj
                0x10004b68                __aeabi_mem_init
 .text.memset   0x10004b78        0xc CMakeFiles/ws2812.dir/C_/Program_Files/Raspberry_Pi/Pico_SDK_v1.5.1/pico-sdk/src/rp2_common/pico_mem_ops/mem_ops_aeabi.S.obj
                0x10004b78                __wrap_memset
 .text.memcpy   0x10004b84        0xc CMakeFiles/ws2812.dir/C_/Program_Files/Raspberry_Pi/Pico_SDK_v1.5.1/pico-sdk/src/rp2_common/pico_mem_ops/mem_ops_aeabi.S.obj
                0x10004b84                __wrap_memcpy
                0x10004b84                __wrap___aeabi_memcpy
 .text.stdio_out_chars_no_crlf
                0x10004b90        0xe CMakeFiles/ws2812.dir/C_/Program_Files/Raspberry_Pi/Pico_SDK_v1.5.1/pico-sdk/src/rp2_common/pico_stdio/stdio.c.obj
 *fill*         0x10004b9e        0x2 
 .text.stdio_out_chars_crlf
                0x10004ba0       0x80 CMakeFiles/ws2812.dir/C_/Program_Files/Raspberry_Pi/Pico_SDK_v1.5.1/pico-sdk/src/rp2_common/pico_stdio/stdio.c.obj
 .text.stdio_stack_buffer_flush
                0x10004c20       0x44 CMakeFiles/ws2812.dir/C_/Program_Files/Raspberry_Pi/Pico_SDK_v1.5.1/pico-sdk/src/rp2_common/pico_stdio/stdio.c.obj
 .text.stdio_buffered_printer
                0x10004c64       0x20 CMakeFiles/ws2812.dir/C_/Program_Files/Raspberry_Pi/Pico_SDK_v1.5.1/pico-sdk/src/rp2_common/pico_stdio/stdio.c.obj
 .text.stdio_get_until
                0x10004c84       0x80 CMakeFiles/ws2812.dir/C_/Program_Files/Raspberry_Pi/Pico_SDK_v1.5.1/pico-sdk/src/rp2_common/pico_stdio/stdio.c.obj
 .text.stdout_serialize_begin
                0x10004d04       0x5c CMakeFiles/ws2812.dir/C_/Program_Files/Raspberry_Pi/Pico_SDK_v1.5.1/pico-sdk/src/rp2_common/pico_stdio/stdio.c.obj
                0x10004d04                stdout_serialize_begin
 .text.stdout_serialize_end
                0x10004d60       0x10 CMakeFiles/ws2812.dir/C_/Program_Files/Raspberry_Pi/Pico_SDK_v1.5.1/pico-sdk/src/rp2_common/pico_stdio/stdio.c.obj
                0x10004d60                stdout_serialize_end
 .text.stdio_put_string
                0x10004d70       0x98 CMakeFiles/ws2812.dir/C_/Program_Files/Raspberry_Pi/Pico_SDK_v1.5.1/pico-sdk/src/rp2_common/pico_stdio/stdio.c.obj
 .text._read    0x10004e08       0x24 CMakeFiles/ws2812.dir/C_/Program_Files/Raspberry_Pi/Pico_SDK_v1.5.1/pico-sdk/src/rp2_common/pico_stdio/stdio.c.obj
                0x10004e08                _read
 .text._write   0x10004e2c       0x22 CMakeFiles/ws2812.dir/C_/Program_Files/Raspberry_Pi/Pico_SDK_v1.5.1/pico-sdk/src/rp2_common/pico_stdio/stdio.c.obj
                0x10004e2c                _write
 .text._close   0x10004e4e        0x6 CMakeFiles/ws2812.dir/C_/Program_Files/Raspberry_Pi/Pico_SDK_v1.5.1/pico-sdk/src/rp2_common/pico_stdio/stdio.c.obj
                0x10004e4e                _close
 .text._lseek   0x10004e54        0x6 CMakeFiles/ws2812.dir/C_/Program_Files/Raspberry_Pi/Pico_SDK_v1.5.1/pico-sdk/src/rp2_common/pico_stdio/stdio.c.obj
                0x10004e54                _lseek
 .text._fstat   0x10004e5a        0x6 CMakeFiles/ws2812.dir/C_/Program_Files/Raspberry_Pi/Pico_SDK_v1.5.1/pico-sdk/src/rp2_common/pico_stdio/stdio.c.obj
                0x10004e5a                _fstat
 .text._isatty  0x10004e60        0xc CMakeFiles/ws2812.dir/C_/Program_Files/Raspberry_Pi/Pico_SDK_v1.5.1/pico-sdk/src/rp2_common/pico_stdio/stdio.c.obj
                0x10004e60                _isatty
 .text.stdio_set_driver_enabled
                0x10004e6c       0x2c CMakeFiles/ws2812.dir/C_/Program_Files/Raspberry_Pi/Pico_SDK_v1.5.1/pico-sdk/src/rp2_common/pico_stdio/stdio.c.obj
                0x10004e6c                stdio_set_driver_enabled
 .text.stdio_flush
                0x10004e98       0x20 CMakeFiles/ws2812.dir/C_/Program_Files/Raspberry_Pi/Pico_SDK_v1.5.1/pico-sdk/src/rp2_common/pico_stdio/stdio.c.obj
                0x10004e98                stdio_flush
 .text.__wrap_puts
                0x10004eb8       0x1e CMakeFiles/ws2812.dir/C_/Program_Files/Raspberry_Pi/Pico_SDK_v1.5.1/pico-sdk/src/rp2_common/pico_stdio/stdio.c.obj
                0x10004eb8                __wrap_puts
 *fill*         0x10004ed6        0x2 
 .text.__wrap_vprintf
                0x10004ed8       0x40 CMakeFiles/ws2812.dir/C_/Program_Files/Raspberry_Pi/Pico_SDK_v1.5.1/pico-sdk/src/rp2_common/pico_stdio/stdio.c.obj
                0x10004ed8                __wrap_vprintf
 .text.__wrap_printf
                0x10004f18       0x18 CMakeFiles/ws2812.dir/C_/Program_Files/Raspberry_Pi/Pico_SDK_v1.5.1/pico-sdk/src/rp2_common/pico_stdio/stdio.c.obj
                0x10004f18                __wrap_printf
 .text.stdio_init_all
                0x10004f30        0x8 CMakeFiles/ws2812.dir/C_/Program_Files/Raspberry_Pi/Pico_SDK_v1.5.1/pico-sdk/src/rp2_common/pico_stdio/stdio.c.obj
                0x10004f30                stdio_init_all
 .text.resetd_init
                0x10004f38        0x2 CMakeFiles/ws2812.dir/C_/Program_Files/Raspberry_Pi/Pico_SDK_v1.5.1/pico-sdk/src/rp2_common/pico_stdio_usb/reset_interface.c.obj
 *fill*         0x10004f3a        0x2 
 .text.resetd_reset
                0x10004f3c        0xc CMakeFiles/ws2812.dir/C_/Program_Files/Raspberry_Pi/Pico_SDK_v1.5.1/pico-sdk/src/rp2_common/pico_stdio_usb/reset_interface.c.obj
 .text.resetd_open
                0x10004f48       0x34 CMakeFiles/ws2812.dir/C_/Program_Files/Raspberry_Pi/Pico_SDK_v1.5.1/pico-sdk/src/rp2_common/pico_stdio_usb/reset_interface.c.obj
 .text.resetd_xfer_cb
                0x10004f7c        0x4 CMakeFiles/ws2812.dir/C_/Program_Files/Raspberry_Pi/Pico_SDK_v1.5.1/pico-sdk/src/rp2_common/pico_stdio_usb/reset_interface.c.obj
 .text.reset_usb_boot
                0x10004f80       0x18 CMakeFiles/ws2812.dir/C_/Program_Files/Raspberry_Pi/Pico_SDK_v1.5.1/pico-sdk/src/rp2_common/pico_stdio_usb/reset_interface.c.obj
 .text.resetd_control_xfer_cb
                0x10004f98       0x5c CMakeFiles/ws2812.dir/C_/Program_Files/Raspberry_Pi/Pico_SDK_v1.5.1/pico-sdk/src/rp2_common/pico_stdio_usb/reset_interface.c.obj
 .text.usbd_app_driver_get_cb
                0x10004ff4        0xc CMakeFiles/ws2812.dir/C_/Program_Files/Raspberry_Pi/Pico_SDK_v1.5.1/pico-sdk/src/rp2_common/pico_stdio_usb/reset_interface.c.obj
                0x10004ff4                usbd_app_driver_get_cb
 .text.tud_cdc_line_coding_cb
                0x10005000       0x28 CMakeFiles/ws2812.dir/C_/Program_Files/Raspberry_Pi/Pico_SDK_v1.5.1/pico-sdk/src/rp2_common/pico_stdio_usb/reset_interface.c.obj
                0x10005000                tud_cdc_line_coding_cb
 .text.stdio_usb_set_chars_available_callback
                0x10005028       0x14 CMakeFiles/ws2812.dir/C_/Program_Files/Raspberry_Pi/Pico_SDK_v1.5.1/pico-sdk/src/rp2_common/pico_stdio_usb/stdio_usb.c.obj
                0x10005028                stdio_usb_set_chars_available_callback
 .text.usb_irq  0x1000503c       0x10 CMakeFiles/ws2812.dir/C_/Program_Files/Raspberry_Pi/Pico_SDK_v1.5.1/pico-sdk/src/rp2_common/pico_stdio_usb/stdio_usb.c.obj
 .text.timer_task
                0x1000504c       0x5c CMakeFiles/ws2812.dir/C_/Program_Files/Raspberry_Pi/Pico_SDK_v1.5.1/pico-sdk/src/rp2_common/pico_stdio_usb/stdio_usb.c.obj
 .text.low_priority_worker_irq
                0x100050a8       0xdc CMakeFiles/ws2812.dir/C_/Program_Files/Raspberry_Pi/Pico_SDK_v1.5.1/pico-sdk/src/rp2_common/pico_stdio_usb/stdio_usb.c.obj
 .text.tud_cdc_rx_cb
                0x10005184       0x20 CMakeFiles/ws2812.dir/C_/Program_Files/Raspberry_Pi/Pico_SDK_v1.5.1/pico-sdk/src/rp2_common/pico_stdio_usb/stdio_usb.c.obj
                0x10005184                tud_cdc_rx_cb
 .text.stdio_usb_init
                0x100051a4      0x11c CMakeFiles/ws2812.dir/C_/Program_Files/Raspberry_Pi/Pico_SDK_v1.5.1/pico-sdk/src/rp2_common/pico_stdio_usb/stdio_usb.c.obj
                0x100051a4                stdio_usb_init
 .text.stdio_usb_connected
                0x100052c0        0xa CMakeFiles/ws2812.dir/C_/Program_Files/Raspberry_Pi/Pico_SDK_v1.5.1/pico-sdk/src/rp2_common/pico_stdio_usb/stdio_usb.c.obj
                0x100052c0                stdio_usb_connected
 *fill*         0x100052ca        0x2 
 .text.stdio_usb_in_chars
                0x100052cc       0xc4 CMakeFiles/ws2812.dir/C_/Program_Files/Raspberry_Pi/Pico_SDK_v1.5.1/pico-sdk/src/rp2_common/pico_stdio_usb/stdio_usb.c.obj
                0x100052cc                stdio_usb_in_chars
 .text.stdio_usb_out_chars
                0x10005390      0x114 CMakeFiles/ws2812.dir/C_/Program_Files/Raspberry_Pi/Pico_SDK_v1.5.1/pico-sdk/src/rp2_common/pico_stdio_usb/stdio_usb.c.obj
 .text.tud_descriptor_device_cb
                0x100054a4        0x8 CMakeFiles/ws2812.dir/C_/Program_Files/Raspberry_Pi/Pico_SDK_v1.5.1/pico-sdk/src/rp2_common/pico_stdio_usb/stdio_usb_descriptors.c.obj
                0x100054a4                tud_descriptor_device_cb
 .text.tud_descriptor_configuration_cb
                0x100054ac        0x8 CMakeFiles/ws2812.dir/C_/Program_Files/Raspberry_Pi/Pico_SDK_v1.5.1/pico-sdk/src/rp2_common/pico_stdio_usb/stdio_usb_descriptors.c.obj
                0x100054ac                tud_descriptor_configuration_cb
 .text.tud_descriptor_string_cb
                0x100054b4       0x6c CMakeFiles/ws2812.dir/C_/Program_Files/Raspberry_Pi/Pico_SDK_v1.5.1/pico-sdk/src/rp2_common/pico_stdio_usb/stdio_usb_descriptors.c.obj
                0x100054b4                tud_descriptor_string_cb
 .text._retrieve_unique_id_on_boot
                0x10005520       0x10 CMakeFiles/ws2812.dir/C_/Program_Files/Raspberry_Pi/Pico_SDK_v1.5.1/pico-sdk/src/rp2_common/pico_unique_id/unique_id.c.obj
 .text.pico_get_unique_board_id_string
                0x10005530       0x60 CMakeFiles/ws2812.dir/C_/Program_Files/Raspberry_Pi/Pico_SDK_v1.5.1/pico-sdk/src/rp2_common/pico_unique_id/unique_id.c.obj
                0x10005530                pico_get_unique_board_id_string
 .text.flash_get_unique_id
                0x10005590       0x46 CMakeFiles/ws2812.dir/C_/Program_Files/Raspberry_Pi/Pico_SDK_v1.5.1/pico-sdk/src/rp2_common/hardware_flash/flash.c.obj
                0x10005590                flash_get_unique_id
 *fill*         0x100055d6        0x2 
 .text.hw_endpoint_get_by_addr
                0x100055d8       0x18 CMakeFiles/ws2812.dir/C_/Program_Files/Raspberry_Pi/Pico_SDK_v1.5.1/pico-sdk/lib/tinyusb/src/portable/raspberrypi/rp2040/dcd_rp2040.c.obj
 .text._hw_endpoint_alloc
                0x100055f0       0x70 CMakeFiles/ws2812.dir/C_/Program_Files/Raspberry_Pi/Pico_SDK_v1.5.1/pico-sdk/lib/tinyusb/src/portable/raspberrypi/rp2040/dcd_rp2040.c.obj
 .text.hw_endpoint_init
                0x10005660       0x88 CMakeFiles/ws2812.dir/C_/Program_Files/Raspberry_Pi/Pico_SDK_v1.5.1/pico-sdk/lib/tinyusb/src/portable/raspberrypi/rp2040/dcd_rp2040.c.obj
 .text.hw_endpoint_xfer
                0x100056e8       0x14 CMakeFiles/ws2812.dir/C_/Program_Files/Raspberry_Pi/Pico_SDK_v1.5.1/pico-sdk/lib/tinyusb/src/portable/raspberrypi/rp2040/dcd_rp2040.c.obj
 .text.dcd_int_enable
                0x100056fc       0x2c CMakeFiles/ws2812.dir/C_/Program_Files/Raspberry_Pi/Pico_SDK_v1.5.1/pico-sdk/lib/tinyusb/src/portable/raspberrypi/rp2040/dcd_rp2040.c.obj
                0x100056fc                dcd_int_enable
 .text.dcd_set_address
                0x10005728       0x2c CMakeFiles/ws2812.dir/C_/Program_Files/Raspberry_Pi/Pico_SDK_v1.5.1/pico-sdk/lib/tinyusb/src/portable/raspberrypi/rp2040/dcd_rp2040.c.obj
                0x10005728                dcd_set_address
 .text.dcd_connect
                0x10005754       0x10 CMakeFiles/ws2812.dir/C_/Program_Files/Raspberry_Pi/Pico_SDK_v1.5.1/pico-sdk/lib/tinyusb/src/portable/raspberrypi/rp2040/dcd_rp2040.c.obj
                0x10005754                dcd_connect
 .text.dcd_init
                0x10005764       0x80 CMakeFiles/ws2812.dir/C_/Program_Files/Raspberry_Pi/Pico_SDK_v1.5.1/pico-sdk/lib/tinyusb/src/portable/raspberrypi/rp2040/dcd_rp2040.c.obj
                0x10005764                dcd_init
 .text.dcd_edpt0_status_complete
                0x100057e4       0x1c CMakeFiles/ws2812.dir/C_/Program_Files/Raspberry_Pi/Pico_SDK_v1.5.1/pico-sdk/lib/tinyusb/src/portable/raspberrypi/rp2040/dcd_rp2040.c.obj
                0x100057e4                dcd_edpt0_status_complete
 .text.dcd_edpt_open
                0x10005800       0x40 CMakeFiles/ws2812.dir/C_/Program_Files/Raspberry_Pi/Pico_SDK_v1.5.1/pico-sdk/lib/tinyusb/src/portable/raspberrypi/rp2040/dcd_rp2040.c.obj
                0x10005800                dcd_edpt_open
 .text.dcd_edpt_close_all
                0x10005840        0x8 CMakeFiles/ws2812.dir/C_/Program_Files/Raspberry_Pi/Pico_SDK_v1.5.1/pico-sdk/lib/tinyusb/src/portable/raspberrypi/rp2040/dcd_rp2040.c.obj
                0x10005840                dcd_edpt_close_all
 .text.dcd_edpt_xfer
                0x10005848       0x34 CMakeFiles/ws2812.dir/C_/Program_Files/Raspberry_Pi/Pico_SDK_v1.5.1/pico-sdk/lib/tinyusb/src/portable/raspberrypi/rp2040/dcd_rp2040.c.obj
                0x10005848                dcd_edpt_xfer
 .text.dcd_edpt_stall
                0x1000587c       0x2c CMakeFiles/ws2812.dir/C_/Program_Files/Raspberry_Pi/Pico_SDK_v1.5.1/pico-sdk/lib/tinyusb/src/portable/raspberrypi/rp2040/dcd_rp2040.c.obj
                0x1000587c                dcd_edpt_stall
 .text.dcd_edpt_clear_stall
                0x100058a8       0x20 CMakeFiles/ws2812.dir/C_/Program_Files/Raspberry_Pi/Pico_SDK_v1.5.1/pico-sdk/lib/tinyusb/src/portable/raspberrypi/rp2040/dcd_rp2040.c.obj
                0x100058a8                dcd_edpt_clear_stall
 .text.rp2040_usb_init
                0x100058c8       0x4c CMakeFiles/ws2812.dir/C_/Program_Files/Raspberry_Pi/Pico_SDK_v1.5.1/pico-sdk/lib/tinyusb/src/portable/raspberrypi/rp2040/rp2040_usb.c.obj
                0x100058c8                rp2040_usb_init
 .text.hw_endpoint_xfer_start
                0x10005914       0x50 CMakeFiles/ws2812.dir/C_/Program_Files/Raspberry_Pi/Pico_SDK_v1.5.1/pico-sdk/lib/tinyusb/src/portable/raspberrypi/rp2040/rp2040_usb.c.obj
                0x10005914                hw_endpoint_xfer_start
 .text.configuration_reset
                0x10005964       0x84 CMakeFiles/ws2812.dir/C_/Program_Files/Raspberry_Pi/Pico_SDK_v1.5.1/pico-sdk/lib/tinyusb/src/device/usbd.c.obj
 .text.usbd_reset
                0x100059e8        0xc CMakeFiles/ws2812.dir/C_/Program_Files/Raspberry_Pi/Pico_SDK_v1.5.1/pico-sdk/lib/tinyusb/src/device/usbd.c.obj
 .text.invoke_class_control
                0x100059f4       0x1a CMakeFiles/ws2812.dir/C_/Program_Files/Raspberry_Pi/Pico_SDK_v1.5.1/pico-sdk/lib/tinyusb/src/device/usbd.c.obj
 *fill*         0x10005a0e        0x2 
 .text.process_set_config
                0x10005a10      0x178 CMakeFiles/ws2812.dir/C_/Program_Files/Raspberry_Pi/Pico_SDK_v1.5.1/pico-sdk/lib/tinyusb/src/device/usbd.c.obj
 .text.process_get_descriptor
                0x10005b88       0xdc CMakeFiles/ws2812.dir/C_/Program_Files/Raspberry_Pi/Pico_SDK_v1.5.1/pico-sdk/lib/tinyusb/src/device/usbd.c.obj
 .text.tud_mounted
                0x10005c64       0x10 CMakeFiles/ws2812.dir/C_/Program_Files/Raspberry_Pi/Pico_SDK_v1.5.1/pico-sdk/lib/tinyusb/src/device/usbd.c.obj
                0x10005c64                tud_mounted
 .text.tud_suspended
                0x10005c74       0x10 CMakeFiles/ws2812.dir/C_/Program_Files/Raspberry_Pi/Pico_SDK_v1.5.1/pico-sdk/lib/tinyusb/src/device/usbd.c.obj
                0x10005c74                tud_suspended
 .text.tud_inited
                0x10005c84       0x14 CMakeFiles/ws2812.dir/C_/Program_Files/Raspberry_Pi/Pico_SDK_v1.5.1/pico-sdk/lib/tinyusb/src/device/usbd.c.obj
                0x10005c84                tud_inited
 .text.tud_init
                0x10005c98       0xcc CMakeFiles/ws2812.dir/C_/Program_Files/Raspberry_Pi/Pico_SDK_v1.5.1/pico-sdk/lib/tinyusb/src/device/usbd.c.obj
                0x10005c98                tud_init
 .text.usbd_defer_func
                0x10005d64       0x2a CMakeFiles/ws2812.dir/C_/Program_Files/Raspberry_Pi/Pico_SDK_v1.5.1/pico-sdk/lib/tinyusb/src/device/usbd.c.obj
                0x10005d64                usbd_defer_func
 *fill*         0x10005d8e        0x2 
 .text.usbd_edpt_open
                0x10005d90       0x34 CMakeFiles/ws2812.dir/C_/Program_Files/Raspberry_Pi/Pico_SDK_v1.5.1/pico-sdk/lib/tinyusb/src/device/usbd.c.obj
                0x10005d90                usbd_edpt_open
 .text.usbd_open_edpt_pair
                0x10005dc4       0x62 CMakeFiles/ws2812.dir/C_/Program_Files/Raspberry_Pi/Pico_SDK_v1.5.1/pico-sdk/lib/tinyusb/src/device/usbd.c.obj
                0x10005dc4                usbd_open_edpt_pair
 *fill*         0x10005e26        0x2 
 .text.usbd_edpt_claim
                0x10005e28       0x28 CMakeFiles/ws2812.dir/C_/Program_Files/Raspberry_Pi/Pico_SDK_v1.5.1/pico-sdk/lib/tinyusb/src/device/usbd.c.obj
                0x10005e28                usbd_edpt_claim
 .text.usbd_edpt_release
                0x10005e50       0x28 CMakeFiles/ws2812.dir/C_/Program_Files/Raspberry_Pi/Pico_SDK_v1.5.1/pico-sdk/lib/tinyusb/src/device/usbd.c.obj
                0x10005e50                usbd_edpt_release
 .text.usbd_edpt_xfer
                0x10005e78       0x78 CMakeFiles/ws2812.dir/C_/Program_Files/Raspberry_Pi/Pico_SDK_v1.5.1/pico-sdk/lib/tinyusb/src/device/usbd.c.obj
                0x10005e78                usbd_edpt_xfer
 .text.usbd_edpt_stall
                0x10005ef0       0x48 CMakeFiles/ws2812.dir/C_/Program_Files/Raspberry_Pi/Pico_SDK_v1.5.1/pico-sdk/lib/tinyusb/src/device/usbd.c.obj
                0x10005ef0                usbd_edpt_stall
 .text.usbd_edpt_clear_stall
                0x10005f38       0x48 CMakeFiles/ws2812.dir/C_/Program_Files/Raspberry_Pi/Pico_SDK_v1.5.1/pico-sdk/lib/tinyusb/src/device/usbd.c.obj
                0x10005f38                usbd_edpt_clear_stall
 .text.usbd_edpt_stalled
                0x10005f80       0x1c CMakeFiles/ws2812.dir/C_/Program_Files/Raspberry_Pi/Pico_SDK_v1.5.1/pico-sdk/lib/tinyusb/src/device/usbd.c.obj
                0x10005f80                usbd_edpt_stalled
 .text.process_control_request
                0x10005f9c      0x37c CMakeFiles/ws2812.dir/C_/Program_Files/Raspberry_Pi/Pico_SDK_v1.5.1/pico-sdk/lib/tinyusb/src/device/usbd.c.obj
 .text.tud_task_ext
                0x10006318      0x1b8 CMakeFiles/ws2812.dir/C_/Program_Files/Raspberry_Pi/Pico_SDK_v1.5.1/pico-sdk/lib/tinyusb/src/device/usbd.c.obj
                0x10006318                tud_task_ext
 .text._data_stage_xact
                0x100064d0       0x58 CMakeFiles/ws2812.dir/C_/Program_Files/Raspberry_Pi/Pico_SDK_v1.5.1/pico-sdk/lib/tinyusb/src/device/usbd_control.c.obj
 .text.tud_control_status
                0x10006528       0x38 CMakeFiles/ws2812.dir/C_/Program_Files/Raspberry_Pi/Pico_SDK_v1.5.1/pico-sdk/lib/tinyusb/src/device/usbd_control.c.obj
                0x10006528                tud_control_status
 .text.tud_control_xfer
                0x10006560       0x74 CMakeFiles/ws2812.dir/C_/Program_Files/Raspberry_Pi/Pico_SDK_v1.5.1/pico-sdk/lib/tinyusb/src/device/usbd_control.c.obj
                0x10006560                tud_control_xfer
 .text.usbd_control_reset
                0x100065d4       0x14 CMakeFiles/ws2812.dir/C_/Program_Files/Raspberry_Pi/Pico_SDK_v1.5.1/pico-sdk/lib/tinyusb/src/device/usbd_control.c.obj
                0x100065d4                usbd_control_reset
 .text.usbd_control_set_complete_callback
                0x100065e8        0xc CMakeFiles/ws2812.dir/C_/Program_Files/Raspberry_Pi/Pico_SDK_v1.5.1/pico-sdk/lib/tinyusb/src/device/usbd_control.c.obj
                0x100065e8                usbd_control_set_complete_callback
 .text.usbd_control_set_request
                0x100065f4       0x1c CMakeFiles/ws2812.dir/C_/Program_Files/Raspberry_Pi/Pico_SDK_v1.5.1/pico-sdk/lib/tinyusb/src/device/usbd_control.c.obj
                0x100065f4                usbd_control_set_request
 .text.usbd_control_xfer_cb
                0x10006610       0xcc CMakeFiles/ws2812.dir/C_/Program_Files/Raspberry_Pi/Pico_SDK_v1.5.1/pico-sdk/lib/tinyusb/src/device/usbd_control.c.obj
                0x10006610                usbd_control_xfer_cb
 .text._prep_out_transaction
                0x100066dc       0x4a CMakeFiles/ws2812.dir/C_/Program_Files/Raspberry_Pi/Pico_SDK_v1.5.1/pico-sdk/lib/tinyusb/src/class/cdc/cdc_device.c.obj
 *fill*         0x10006726        0x2 
 .text.tud_cdc_n_connected
                0x10006728       0x44 CMakeFiles/ws2812.dir/C_/Program_Files/Raspberry_Pi/Pico_SDK_v1.5.1/pico-sdk/lib/tinyusb/src/class/cdc/cdc_device.c.obj
                0x10006728                tud_cdc_n_connected
 .text.tud_cdc_n_available
                0x1000676c       0x18 CMakeFiles/ws2812.dir/C_/Program_Files/Raspberry_Pi/Pico_SDK_v1.5.1/pico-sdk/lib/tinyusb/src/class/cdc/cdc_device.c.obj
                0x1000676c                tud_cdc_n_available
 .text.tud_cdc_n_read
                0x10006784       0x28 CMakeFiles/ws2812.dir/C_/Program_Files/Raspberry_Pi/Pico_SDK_v1.5.1/pico-sdk/lib/tinyusb/src/class/cdc/cdc_device.c.obj
                0x10006784                tud_cdc_n_read
 .text.tud_cdc_n_write_flush
                0x100067ac       0xb8 CMakeFiles/ws2812.dir/C_/Program_Files/Raspberry_Pi/Pico_SDK_v1.5.1/pico-sdk/lib/tinyusb/src/class/cdc/cdc_device.c.obj
                0x100067ac                tud_cdc_n_write_flush
 .text.tud_cdc_n_write
                0x10006864       0x38 CMakeFiles/ws2812.dir/C_/Program_Files/Raspberry_Pi/Pico_SDK_v1.5.1/pico-sdk/lib/tinyusb/src/class/cdc/cdc_device.c.obj
                0x10006864                tud_cdc_n_write
 .text.tud_cdc_n_write_available
                0x1000689c       0x1c CMakeFiles/ws2812.dir/C_/Program_Files/Raspberry_Pi/Pico_SDK_v1.5.1/pico-sdk/lib/tinyusb/src/class/cdc/cdc_device.c.obj
                0x1000689c                tud_cdc_n_write_available
 .text.cdcd_init
                0x100068b8       0xbc CMakeFiles/ws2812.dir/C_/Program_Files/Raspberry_Pi/Pico_SDK_v1.5.1/pico-sdk/lib/tinyusb/src/class/cdc/cdc_device.c.obj
                0x100068b8                cdcd_init
 .text.cdcd_reset
                0x10006974       0x44 CMakeFiles/ws2812.dir/C_/Program_Files/Raspberry_Pi/Pico_SDK_v1.5.1/pico-sdk/lib/tinyusb/src/class/cdc/cdc_device.c.obj
                0x10006974                cdcd_reset
 .text.cdcd_open
                0x100069b8       0xcc CMakeFiles/ws2812.dir/C_/Program_Files/Raspberry_Pi/Pico_SDK_v1.5.1/pico-sdk/lib/tinyusb/src/class/cdc/cdc_device.c.obj
                0x100069b8                cdcd_open
 .text.cdcd_control_xfer_cb
                0x10006a84      0x134 CMakeFiles/ws2812.dir/C_/Program_Files/Raspberry_Pi/Pico_SDK_v1.5.1/pico-sdk/lib/tinyusb/src/class/cdc/cdc_device.c.obj
                0x10006a84                cdcd_control_xfer_cb
 .text.cdcd_xfer_cb
                0x10006bb8      0x130 CMakeFiles/ws2812.dir/C_/Program_Files/Raspberry_Pi/Pico_SDK_v1.5.1/pico-sdk/lib/tinyusb/src/class/cdc/cdc_device.c.obj
                0x10006bb8                cdcd_xfer_cb
 .text.tusb_init
                0x10006ce8        0xa CMakeFiles/ws2812.dir/C_/Program_Files/Raspberry_Pi/Pico_SDK_v1.5.1/pico-sdk/lib/tinyusb/src/tusb.c.obj
                0x10006ce8                tusb_init
 .text.tusb_inited
                0x10006cf2        0xe CMakeFiles/ws2812.dir/C_/Program_Files/Raspberry_Pi/Pico_SDK_v1.5.1/pico-sdk/lib/tinyusb/src/tusb.c.obj
                0x10006cf2                tusb_inited
 .text.tu_edpt_claim
                0x10006d00       0x50 CMakeFiles/ws2812.dir/C_/Program_Files/Raspberry_Pi/Pico_SDK_v1.5.1/pico-sdk/lib/tinyusb/src/tusb.c.obj
                0x10006d00                tu_edpt_claim
 .text.tu_edpt_release
                0x10006d50       0x3c CMakeFiles/ws2812.dir/C_/Program_Files/Raspberry_Pi/Pico_SDK_v1.5.1/pico-sdk/lib/tinyusb/src/tusb.c.obj
                0x10006d50                tu_edpt_release
 .text.tu_edpt_validate
                0x10006d8c       0x78 CMakeFiles/ws2812.dir/C_/Program_Files/Raspberry_Pi/Pico_SDK_v1.5.1/pico-sdk/lib/tinyusb/src/tusb.c.obj
                0x10006d8c                tu_edpt_validate
 .text.tu_edpt_bind_driver
                0x10006e04       0x26 CMakeFiles/ws2812.dir/C_/Program_Files/Raspberry_Pi/Pico_SDK_v1.5.1/pico-sdk/lib/tinyusb/src/tusb.c.obj
                0x10006e04                tu_edpt_bind_driver
 .text.advance_index
                0x10006e2a       0x1a CMakeFiles/ws2812.dir/C_/Program_Files/Raspberry_Pi/Pico_SDK_v1.5.1/pico-sdk/lib/tinyusb/src/common/tusb_fifo.c.obj
 .text._tu_fifo_peek
                0x10006e44       0x56 CMakeFiles/ws2812.dir/C_/Program_Files/Raspberry_Pi/Pico_SDK_v1.5.1/pico-sdk/lib/tinyusb/src/common/tusb_fifo.c.obj
 .text._ff_pull_const_addr
                0x10006e9a       0x4c CMakeFiles/ws2812.dir/C_/Program_Files/Raspberry_Pi/Pico_SDK_v1.5.1/pico-sdk/lib/tinyusb/src/common/tusb_fifo.c.obj
 .text._ff_pull_n
                0x10006ee6      0x110 CMakeFiles/ws2812.dir/C_/Program_Files/Raspberry_Pi/Pico_SDK_v1.5.1/pico-sdk/lib/tinyusb/src/common/tusb_fifo.c.obj
 .text._tu_fifo_peek_n
                0x10006ff6       0x6a CMakeFiles/ws2812.dir/C_/Program_Files/Raspberry_Pi/Pico_SDK_v1.5.1/pico-sdk/lib/tinyusb/src/common/tusb_fifo.c.obj
 .text._tu_fifo_read_n
                0x10007060       0x4e CMakeFiles/ws2812.dir/C_/Program_Files/Raspberry_Pi/Pico_SDK_v1.5.1/pico-sdk/lib/tinyusb/src/common/tusb_fifo.c.obj
 .text._ff_push_const_addr
                0x100070ae       0x40 CMakeFiles/ws2812.dir/C_/Program_Files/Raspberry_Pi/Pico_SDK_v1.5.1/pico-sdk/lib/tinyusb/src/common/tusb_fifo.c.obj
 .text._ff_push_n
                0x100070ee      0x10c CMakeFiles/ws2812.dir/C_/Program_Files/Raspberry_Pi/Pico_SDK_v1.5.1/pico-sdk/lib/tinyusb/src/common/tusb_fifo.c.obj
 .text._tu_fifo_write_n
                0x100071fa       0xf0 CMakeFiles/ws2812.dir/C_/Program_Files/Raspberry_Pi/Pico_SDK_v1.5.1/pico-sdk/lib/tinyusb/src/common/tusb_fifo.c.obj
 .text.tu_fifo_config
                0x100072ea       0x7c CMakeFiles/ws2812.dir/C_/Program_Files/Raspberry_Pi/Pico_SDK_v1.5.1/pico-sdk/lib/tinyusb/src/common/tusb_fifo.c.obj
                0x100072ea                tu_fifo_config
 .text.tu_fifo_count
                0x10007366       0x2a CMakeFiles/ws2812.dir/C_/Program_Files/Raspberry_Pi/Pico_SDK_v1.5.1/pico-sdk/lib/tinyusb/src/common/tusb_fifo.c.obj
                0x10007366                tu_fifo_count
 .text.tu_fifo_empty
                0x10007390       0x10 CMakeFiles/ws2812.dir/C_/Program_Files/Raspberry_Pi/Pico_SDK_v1.5.1/pico-sdk/lib/tinyusb/src/common/tusb_fifo.c.obj
                0x10007390                tu_fifo_empty
 .text.tu_fifo_full
                0x100073a0       0x28 CMakeFiles/ws2812.dir/C_/Program_Files/Raspberry_Pi/Pico_SDK_v1.5.1/pico-sdk/lib/tinyusb/src/common/tusb_fifo.c.obj
                0x100073a0                tu_fifo_full
 .text.tu_fifo_remaining
                0x100073c8       0x2c CMakeFiles/ws2812.dir/C_/Program_Files/Raspberry_Pi/Pico_SDK_v1.5.1/pico-sdk/lib/tinyusb/src/common/tusb_fifo.c.obj
                0x100073c8                tu_fifo_remaining
 .text.tu_fifo_read
                0x100073f4       0x42 CMakeFiles/ws2812.dir/C_/Program_Files/Raspberry_Pi/Pico_SDK_v1.5.1/pico-sdk/lib/tinyusb/src/common/tusb_fifo.c.obj
                0x100073f4                tu_fifo_read
 .text.tu_fifo_read_n
                0x10007436        0xa CMakeFiles/ws2812.dir/C_/Program_Files/Raspberry_Pi/Pico_SDK_v1.5.1/pico-sdk/lib/tinyusb/src/common/tusb_fifo.c.obj
                0x10007436                tu_fifo_read_n
 .text.tu_fifo_write
                0x10007440       0x64 CMakeFiles/ws2812.dir/C_/Program_Files/Raspberry_Pi/Pico_SDK_v1.5.1/pico-sdk/lib/tinyusb/src/common/tusb_fifo.c.obj
                0x10007440                tu_fifo_write
 .text.tu_fifo_write_n
                0x100074a4        0xa CMakeFiles/ws2812.dir/C_/Program_Files/Raspberry_Pi/Pico_SDK_v1.5.1/pico-sdk/lib/tinyusb/src/common/tusb_fifo.c.obj
                0x100074a4                tu_fifo_write_n
 .text.tu_fifo_clear
                0x100074ae       0x3e CMakeFiles/ws2812.dir/C_/Program_Files/Raspberry_Pi/Pico_SDK_v1.5.1/pico-sdk/lib/tinyusb/src/common/tusb_fifo.c.obj
                0x100074ae                tu_fifo_clear
 .text.tu_fifo_set_overwritable
                0x100074ec       0x46 CMakeFiles/ws2812.dir/C_/Program_Files/Raspberry_Pi/Pico_SDK_v1.5.1/pico-sdk/lib/tinyusb/src/common/tusb_fifo.c.obj
                0x100074ec                tu_fifo_set_overwritable
 *fill*         0x10007532        0x2 
 .text._pio_can_add_program_at_offset
                0x10007534       0x3c CMakeFiles/ws2812.dir/C_/Program_Files/Raspberry_Pi/Pico_SDK_v1.5.1/pico-sdk/src/rp2_common/hardware_pio/pio.c.obj
 .text._pio_find_offset_for_program
                0x10007570       0x7c CMakeFiles/ws2812.dir/C_/Program_Files/Raspberry_Pi/Pico_SDK_v1.5.1/pico-sdk/src/rp2_common/hardware_pio/pio.c.obj
 .text._pio_add_program_at_offset
                0x100075ec       0x78 CMakeFiles/ws2812.dir/C_/Program_Files/Raspberry_Pi/Pico_SDK_v1.5.1/pico-sdk/src/rp2_common/hardware_pio/pio.c.obj
 .text.pio_add_program
                0x10007664       0x38 CMakeFiles/ws2812.dir/C_/Program_Files/Raspberry_Pi/Pico_SDK_v1.5.1/pico-sdk/src/rp2_common/hardware_pio/pio.c.obj
                0x10007664                pio_add_program
 .text.pio_sm_set_consecutive_pindirs
                0x1000769c       0xa4 CMakeFiles/ws2812.dir/C_/Program_Files/Raspberry_Pi/Pico_SDK_v1.5.1/pico-sdk/src/rp2_common/hardware_pio/pio.c.obj
                0x1000769c                pio_sm_set_consecutive_pindirs
 .text.pio_sm_init
                0x10007740       0xe4 CMakeFiles/ws2812.dir/C_/Program_Files/Raspberry_Pi/Pico_SDK_v1.5.1/pico-sdk/src/rp2_common/hardware_pio/pio.c.obj
                0x10007740                pio_sm_init
 .text.core1_trampoline
                0x10007824        0x2 CMakeFiles/ws2812.dir/C_/Program_Files/Raspberry_Pi/Pico_SDK_v1.5.1/pico-sdk/src/rp2_common/pico_multicore/multicore.c.obj
 .text.core1_wrapper
                0x10007826        0xc CMakeFiles/ws2812.dir/C_/Program_Files/Raspberry_Pi/Pico_SDK_v1.5.1/pico-sdk/src/rp2_common/pico_multicore/multicore.c.obj
                0x10007826                core1_wrapper
 .text.multicore_fifo_push_blocking
                0x10007832       0x14 CMakeFiles/ws2812.dir/C_/Program_Files/Raspberry_Pi/Pico_SDK_v1.5.1/pico-sdk/src/rp2_common/pico_multicore/multicore.c.obj
                0x10007832                multicore_fifo_push_blocking
 .text.multicore_fifo_pop_blocking
                0x10007846       0x16 CMakeFiles/ws2812.dir/C_/Program_Files/Raspberry_Pi/Pico_SDK_v1.5.1/pico-sdk/src/rp2_common/pico_multicore/multicore.c.obj
                0x10007846                multicore_fifo_pop_blocking
 .text.multicore_launch_core1_raw
                0x1000785c       0x6e CMakeFiles/ws2812.dir/C_/Program_Files/Raspberry_Pi/Pico_SDK_v1.5.1/pico-sdk/src/rp2_common/pico_multicore/multicore.c.obj
                0x1000785c                multicore_launch_core1_raw
 *fill*         0x100078ca        0x2 
 .text.multicore_launch_core1_with_stack
                0x100078cc       0x50 CMakeFiles/ws2812.dir/C_/Program_Files/Raspberry_Pi/Pico_SDK_v1.5.1/pico-sdk/src/rp2_common/pico_multicore/multicore.c.obj
                0x100078cc                multicore_launch_core1_with_stack
 .text.multicore_launch_core1
                0x1000791c       0x24 CMakeFiles/ws2812.dir/C_/Program_Files/Raspberry_Pi/Pico_SDK_v1.5.1/pico-sdk/src/rp2_common/pico_multicore/multicore.c.obj
                0x1000791c                multicore_launch_core1
 .text.adc_init
                0x10007940       0x34 CMakeFiles/ws2812.dir/C_/Program_Files/Raspberry_Pi/Pico_SDK_v1.5.1/pico-sdk/src/rp2_common/hardware_adc/adc.c.obj
                0x10007940                adc_init
 .text._calloc_r
                0x10007974       0x9c c:/progra~1/raspbe~1/picosd~1.1/gcc-ar~1/bin/../lib/gcc/arm-none-eabi/10.3.1/../../../../arm-none-eabi/lib/thumb/v6-m/nofp\libg.a(lib_a-callocr.o)
                0x10007974                _calloc_r
 .text.__errno  0x10007a10        0xc c:/progra~1/raspbe~1/picosd~1.1/gcc-ar~1/bin/../lib/gcc/arm-none-eabi/10.3.1/../../../../arm-none-eabi/lib/thumb/v6-m/nofp\libg.a(lib_a-errno.o)
                0x10007a10                __errno
 .text.malloc   0x10007a1c       0x14 c:/progra~1/raspbe~1/picosd~1.1/gcc-ar~1/bin/../lib/gcc/arm-none-eabi/10.3.1/../../../../arm-none-eabi/lib/thumb/v6-m/nofp\libg.a(lib_a-malloc.o)
                0x10007a1c                malloc
 .text.free     0x10007a30       0x14 c:/progra~1/raspbe~1/picosd~1.1/gcc-ar~1/bin/../lib/gcc/arm-none-eabi/10.3.1/../../../../arm-none-eabi/lib/thumb/v6-m/nofp\libg.a(lib_a-malloc.o)
                0x10007a30                free
 .text._malloc_r
                0x10007a44      0x584 c:/progra~1/raspbe~1/picosd~1.1/gcc-ar~1/bin/../lib/gcc/arm-none-eabi/10.3.1/../../../../arm-none-eabi/lib/thumb/v6-m/nofp\libg.a(lib_a-mallocr.o)
                0x10007a44                _malloc_r
 .text.__malloc_lock
                0x10007fc8       0x10 c:/progra~1/raspbe~1/picosd~1.1/gcc-ar~1/bin/../lib/gcc/arm-none-eabi/10.3.1/../../../../arm-none-eabi/lib/thumb/v6-m/nofp\libg.a(lib_a-mlock.o)
                0x10007fc8                __malloc_lock
 .text.__malloc_unlock
                0x10007fd8       0x10 c:/progra~1/raspbe~1/picosd~1.1/gcc-ar~1/bin/../lib/gcc/arm-none-eabi/10.3.1/../../../../arm-none-eabi/lib/thumb/v6-m/nofp\libg.a(lib_a-mlock.o)
                0x10007fd8                __malloc_unlock
 .text.realloc  0x10007fe8       0x18 c:/progra~1/raspbe~1/picosd~1.1/gcc-ar~1/bin/../lib/gcc/arm-none-eabi/10.3.1/../../../../arm-none-eabi/lib/thumb/v6-m/nofp\libg.a(lib_a-realloc.o)
                0x10007fe8                realloc
 .text._realloc_r
                0x10008000      0x354 c:/progra~1/raspbe~1/picosd~1.1/gcc-ar~1/bin/../lib/gcc/arm-none-eabi/10.3.1/../../../../arm-none-eabi/lib/thumb/v6-m/nofp\libg.a(lib_a-reallocr.o)
                0x10008000                _realloc_r
 .text._sbrk_r  0x10008354       0x24 c:/progra~1/raspbe~1/picosd~1.1/gcc-ar~1/bin/../lib/gcc/arm-none-eabi/10.3.1/../../../../arm-none-eabi/lib/thumb/v6-m/nofp\libg.a(lib_a-sbrkr.o)
                0x10008354                _sbrk_r
 .text.scanf    0x10008378       0x24 c:/progra~1/raspbe~1/picosd~1.1/gcc-ar~1/bin/../lib/gcc/arm-none-eabi/10.3.1/../../../../arm-none-eabi/lib/thumb/v6-m/nofp\libg.a(lib_a-scanf.o)
                0x10008378                scanf
 .text          0x1000839c       0x88 c:/progra~1/raspbe~1/picosd~1.1/gcc-ar~1/bin/../lib/gcc/arm-none-eabi/10.3.1/../../../../arm-none-eabi/lib/thumb/v6-m/nofp\libg.a(lib_a-strcmp.o)
                0x1000839c                strcmp
 .text.strlen   0x10008424       0x5c c:/progra~1/raspbe~1/picosd~1.1/gcc-ar~1/bin/../lib/gcc/arm-none-eabi/10.3.1/../../../../arm-none-eabi/lib/thumb/v6-m/nofp\libg.a(lib_a-strlen-stub.o)
                0x10008424                strlen
 .text.__svfscanf_r
                0x10008480     0x17d8 c:/progra~1/raspbe~1/picosd~1.1/gcc-ar~1/bin/../lib/gcc/arm-none-eabi/10.3.1/../../../../arm-none-eabi/lib/thumb/v6-m/nofp\libg.a(lib_a-vfscanf.o)
                0x10008480                __svfscanf_r
 .text._vfscanf_r
                0x10009c58       0x28 c:/progra~1/raspbe~1/picosd~1.1/gcc-ar~1/bin/../lib/gcc/arm-none-eabi/10.3.1/../../../../arm-none-eabi/lib/thumb/v6-m/nofp\libg.a(lib_a-vfscanf.o)
                0x10009c58                _vfscanf_r
 .text._cleanup_r
                0x10009c80       0x10 c:/progra~1/raspbe~1/picosd~1.1/gcc-ar~1/bin/../lib/gcc/arm-none-eabi/10.3.1/../../../../arm-none-eabi/lib/thumb/v6-m/nofp\libg.a(lib_a-findfp.o)
                0x10009c80                _cleanup_r
 .text.__sinit  0x10009c90      0x120 c:/progra~1/raspbe~1/picosd~1.1/gcc-ar~1/bin/../lib/gcc/arm-none-eabi/10.3.1/../../../../arm-none-eabi/lib/thumb/v6-m/nofp\libg.a(lib_a-findfp.o)
                0x10009c90                __sinit
 .text.__sfp_lock_acquire
                0x10009db0       0x10 c:/progra~1/raspbe~1/picosd~1.1/gcc-ar~1/bin/../lib/gcc/arm-none-eabi/10.3.1/../../../../arm-none-eabi/lib/thumb/v6-m/nofp\libg.a(lib_a-findfp.o)
                0x10009db0                __sfp_lock_acquire
 .text.__sfp_lock_release
                0x10009dc0       0x10 c:/progra~1/raspbe~1/picosd~1.1/gcc-ar~1/bin/../lib/gcc/arm-none-eabi/10.3.1/../../../../arm-none-eabi/lib/thumb/v6-m/nofp\libg.a(lib_a-findfp.o)
                0x10009dc0                __sfp_lock_release
 .text._fread_r
                0x10009dd0      0x1bc c:/progra~1/raspbe~1/picosd~1.1/gcc-ar~1/bin/../lib/gcc/arm-none-eabi/10.3.1/../../../../arm-none-eabi/lib/thumb/v6-m/nofp\libg.a(lib_a-fread.o)
                0x10009dd0                _fread_r
 .text._malloc_trim_r
                0x10009f8c       0x9c c:/progra~1/raspbe~1/picosd~1.1/gcc-ar~1/bin/../lib/gcc/arm-none-eabi/10.3.1/../../../../arm-none-eabi/lib/thumb/v6-m/nofp\libg.a(lib_a-freer.o)
                0x10009f8c                _malloc_trim_r
 .text._free_r  0x1000a028      0x1c4 c:/progra~1/raspbe~1/picosd~1.1/gcc-ar~1/bin/../lib/gcc/arm-none-eabi/10.3.1/../../../../arm-none-eabi/lib/thumb/v6-m/nofp\libg.a(lib_a-freer.o)
                0x1000a028                _free_r
 .text._fwalk   0x1000a1ec       0x40 c:/progra~1/raspbe~1/picosd~1.1/gcc-ar~1/bin/../lib/gcc/arm-none-eabi/10.3.1/../../../../arm-none-eabi/lib/thumb/v6-m/nofp\libg.a(lib_a-fwalk.o)
                0x1000a1ec                _fwalk
 .text._fwalk_reent
                0x1000a22c       0x48 c:/progra~1/raspbe~1/picosd~1.1/gcc-ar~1/bin/../lib/gcc/arm-none-eabi/10.3.1/../../../../arm-none-eabi/lib/thumb/v6-m/nofp\libg.a(lib_a-fwalk.o)
                0x1000a22c                _fwalk_reent
 .text.iswspace
                0x1000a274        0xc c:/progra~1/raspbe~1/picosd~1.1/gcc-ar~1/bin/../lib/gcc/arm-none-eabi/10.3.1/../../../../arm-none-eabi/lib/thumb/v6-m/nofp\libg.a(lib_a-iswspace.o)
                0x1000a274                iswspace
 .text.iswspace_l
                0x1000a280       0x18 c:/progra~1/raspbe~1/picosd~1.1/gcc-ar~1/bin/../lib/gcc/arm-none-eabi/10.3.1/../../../../arm-none-eabi/lib/thumb/v6-m/nofp\libg.a(lib_a-iswspace_l.o)
                0x1000a280                iswspace_l
 .text.__locale_mb_cur_max
                0x1000a298       0x10 c:/progra~1/raspbe~1/picosd~1.1/gcc-ar~1/bin/../lib/gcc/arm-none-eabi/10.3.1/../../../../arm-none-eabi/lib/thumb/v6-m/nofp\libg.a(lib_a-locale.o)
                0x1000a298                __locale_mb_cur_max
 .text._localeconv_r
                0x1000a2a8        0x8 c:/progra~1/raspbe~1/picosd~1.1/gcc-ar~1/bin/../lib/gcc/arm-none-eabi/10.3.1/../../../../arm-none-eabi/lib/thumb/v6-m/nofp\libg.a(lib_a-localeconv.o)
                0x1000a2a8                _localeconv_r
 .text.__retarget_lock_init_recursive
                0x1000a2b0        0x4 c:/progra~1/raspbe~1/picosd~1.1/gcc-ar~1/bin/../lib/gcc/arm-none-eabi/10.3.1/../../../../arm-none-eabi/lib/thumb/v6-m/nofp\libg.a(lib_a-lock.o)
                0x1000a2b0                __retarget_lock_init_recursive
 .text.__retarget_lock_close_recursive
                0x1000a2b4        0x4 c:/progra~1/raspbe~1/picosd~1.1/gcc-ar~1/bin/../lib/gcc/arm-none-eabi/10.3.1/../../../../arm-none-eabi/lib/thumb/v6-m/nofp\libg.a(lib_a-lock.o)
                0x1000a2b4                __retarget_lock_close_recursive
 .text.__retarget_lock_acquire_recursive
                0x1000a2b8        0x4 c:/progra~1/raspbe~1/picosd~1.1/gcc-ar~1/bin/../lib/gcc/arm-none-eabi/10.3.1/../../../../arm-none-eabi/lib/thumb/v6-m/nofp\libg.a(lib_a-lock.o)
                0x1000a2b8                __retarget_lock_acquire_recursive
 .text.__retarget_lock_release_recursive
                0x1000a2bc        0x4 c:/progra~1/raspbe~1/picosd~1.1/gcc-ar~1/bin/../lib/gcc/arm-none-eabi/10.3.1/../../../../arm-none-eabi/lib/thumb/v6-m/nofp\libg.a(lib_a-lock.o)
                0x1000a2bc                __retarget_lock_release_recursive
 .text._mbrtowc_r
                0x1000a2c0       0x4c c:/progra~1/raspbe~1/picosd~1.1/gcc-ar~1/bin/../lib/gcc/arm-none-eabi/10.3.1/../../../../arm-none-eabi/lib/thumb/v6-m/nofp\libg.a(lib_a-mbrtowc.o)
                0x1000a2c0                _mbrtowc_r
 .text.__ascii_mbtowc
                0x1000a30c       0x2c c:/progra~1/raspbe~1/picosd~1.1/gcc-ar~1/bin/../lib/gcc/arm-none-eabi/10.3.1/../../../../arm-none-eabi/lib/thumb/v6-m/nofp\libg.a(lib_a-mbtowc_r.o)
                0x1000a30c                __ascii_mbtowc
 .text.memmove  0x1000a338       0xac c:/progra~1/raspbe~1/picosd~1.1/gcc-ar~1/bin/../lib/gcc/arm-none-eabi/10.3.1/../../../../arm-none-eabi/lib/thumb/v6-m/nofp\libg.a(lib_a-memmove.o)
                0x1000a338                memmove
 .text.lflush   0x1000a3e4       0x1c c:/progra~1/raspbe~1/picosd~1.1/gcc-ar~1/bin/../lib/gcc/arm-none-eabi/10.3.1/../../../../arm-none-eabi/lib/thumb/v6-m/nofp\libg.a(lib_a-refill.o)
 .text.__srefill_r
                0x1000a400      0x124 c:/progra~1/raspbe~1/picosd~1.1/gcc-ar~1/bin/../lib/gcc/arm-none-eabi/10.3.1/../../../../arm-none-eabi/lib/thumb/v6-m/nofp\libg.a(lib_a-refill.o)
                0x1000a400                __srefill_r
 .text.__sccl   0x1000a524       0x80 c:/progra~1/raspbe~1/picosd~1.1/gcc-ar~1/bin/../lib/gcc/arm-none-eabi/10.3.1/../../../../arm-none-eabi/lib/thumb/v6-m/nofp\libg.a(lib_a-sccl.o)
                0x1000a524                __sccl
 .text.nanf     0x1000a5a4        0x8 c:/progra~1/raspbe~1/picosd~1.1/gcc-ar~1/bin/../lib/gcc/arm-none-eabi/10.3.1/../../../../arm-none-eabi/lib/thumb/v6-m/nofp\libg.a(lib_a-sf_nan.o)
                0x1000a5a4                nanf
 .text.__sread  0x1000a5ac       0x28 c:/progra~1/raspbe~1/picosd~1.1/gcc-ar~1/bin/../lib/gcc/arm-none-eabi/10.3.1/../../../../arm-none-eabi/lib/thumb/v6-m/nofp\libg.a(lib_a-stdio.o)
                0x1000a5ac                __sread
 .text.__swrite
                0x1000a5d4       0x40 c:/progra~1/raspbe~1/picosd~1.1/gcc-ar~1/bin/../lib/gcc/arm-none-eabi/10.3.1/../../../../arm-none-eabi/lib/thumb/v6-m/nofp\libg.a(lib_a-stdio.o)
                0x1000a5d4                __swrite
 .text.__sseek  0x1000a614       0x2c c:/progra~1/raspbe~1/picosd~1.1/gcc-ar~1/bin/../lib/gcc/arm-none-eabi/10.3.1/../../../../arm-none-eabi/lib/thumb/v6-m/nofp\libg.a(lib_a-stdio.o)
                0x1000a614                __sseek
 .text.__sclose
                0x1000a640        0xc c:/progra~1/raspbe~1/picosd~1.1/gcc-ar~1/bin/../lib/gcc/arm-none-eabi/10.3.1/../../../../arm-none-eabi/lib/thumb/v6-m/nofp\libg.a(lib_a-stdio.o)
                0x1000a640                __sclose
 .text._strtod_l
                0x1000a64c      0xf78 c:/progra~1/raspbe~1/picosd~1.1/gcc-ar~1/bin/../lib/gcc/arm-none-eabi/10.3.1/../../../../arm-none-eabi/lib/thumb/v6-m/nofp\libg.a(lib_a-strtod.o)
                0x1000a64c                _strtod_l
 .text._strtod_r
                0x1000b5c4       0x10 c:/progra~1/raspbe~1/picosd~1.1/gcc-ar~1/bin/../lib/gcc/arm-none-eabi/10.3.1/../../../../arm-none-eabi/lib/thumb/v6-m/nofp\libg.a(lib_a-strtod.o)
                0x1000b5c4                _strtod_r
 .text._strtol_l.part.0
                0x1000b5d4      0x144 c:/progra~1/raspbe~1/picosd~1.1/gcc-ar~1/bin/../lib/gcc/arm-none-eabi/10.3.1/../../../../arm-none-eabi/lib/thumb/v6-m/nofp\libg.a(lib_a-strtol.o)
 .text._strtol_r
                0x1000b718       0x1c c:/progra~1/raspbe~1/picosd~1.1/gcc-ar~1/bin/../lib/gcc/arm-none-eabi/10.3.1/../../../../arm-none-eabi/lib/thumb/v6-m/nofp\libg.a(lib_a-strtol.o)
                0x1000b718                _strtol_r
 .text._strtoll_l.constprop.0
                0x1000b734      0x198 c:/progra~1/raspbe~1/picosd~1.1/gcc-ar~1/bin/../lib/gcc/arm-none-eabi/10.3.1/../../../../arm-none-eabi/lib/thumb/v6-m/nofp\libg.a(lib_a-strtoll.o)
 .text._strtoll_r
                0x1000b8cc        0x8 c:/progra~1/raspbe~1/picosd~1.1/gcc-ar~1/bin/../lib/gcc/arm-none-eabi/10.3.1/../../../../arm-none-eabi/lib/thumb/v6-m/nofp\libg.a(lib_a-strtoll.o)
                0x1000b8cc                _strtoll_r
 .text._strtoul_l.constprop.0
                0x1000b8d4      0x148 c:/progra~1/raspbe~1/picosd~1.1/gcc-ar~1/bin/../lib/gcc/arm-none-eabi/10.3.1/../../../../arm-none-eabi/lib/thumb/v6-m/nofp\libg.a(lib_a-strtoul.o)
 .text._strtoul_r
                0x1000ba1c        0x8 c:/progra~1/raspbe~1/picosd~1.1/gcc-ar~1/bin/../lib/gcc/arm-none-eabi/10.3.1/../../../../arm-none-eabi/lib/thumb/v6-m/nofp\libg.a(lib_a-strtoul.o)
                0x1000ba1c                _strtoul_r
 .text._strtoull_l.constprop.0
                0x1000ba24      0x1bc c:/progra~1/raspbe~1/picosd~1.1/gcc-ar~1/bin/../lib/gcc/arm-none-eabi/10.3.1/../../../../arm-none-eabi/lib/thumb/v6-m/nofp\libg.a(lib_a-strtoull.o)
 .text._strtoull_r
                0x1000bbe0        0x8 c:/progra~1/raspbe~1/picosd~1.1/gcc-ar~1/bin/../lib/gcc/arm-none-eabi/10.3.1/../../../../arm-none-eabi/lib/thumb/v6-m/nofp\libg.a(lib_a-strtoull.o)
                0x1000bbe0                _strtoull_r
 .text.__submore
                0x1000bbe8       0x84 c:/progra~1/raspbe~1/picosd~1.1/gcc-ar~1/bin/../lib/gcc/arm-none-eabi/10.3.1/../../../../arm-none-eabi/lib/thumb/v6-m/nofp\libg.a(lib_a-ungetc.o)
                0x1000bbe8                __submore
 .text._ungetc_r
                0x1000bc6c      0x138 c:/progra~1/raspbe~1/picosd~1.1/gcc-ar~1/bin/../lib/gcc/arm-none-eabi/10.3.1/../../../../arm-none-eabi/lib/thumb/v6-m/nofp\libg.a(lib_a-ungetc.o)
                0x1000bc6c                _ungetc_r
 .text.__ascii_wctomb
                0x1000bda4       0x1c c:/progra~1/raspbe~1/picosd~1.1/gcc-ar~1/bin/../lib/gcc/arm-none-eabi/10.3.1/../../../../arm-none-eabi/lib/thumb/v6-m/nofp\libg.a(lib_a-wctomb_r.o)
                0x1000bda4                __ascii_wctomb
 .text._write_r
                0x1000bdc0       0x28 c:/progra~1/raspbe~1/picosd~1.1/gcc-ar~1/bin/../lib/gcc/arm-none-eabi/10.3.1/../../../../arm-none-eabi/lib/thumb/v6-m/nofp\libg.a(lib_a-writer.o)
                0x1000bdc0                _write_r
 .text._close_r
                0x1000bde8       0x24 c:/progra~1/raspbe~1/picosd~1.1/gcc-ar~1/bin/../lib/gcc/arm-none-eabi/10.3.1/../../../../arm-none-eabi/lib/thumb/v6-m/nofp\libg.a(lib_a-closer.o)
                0x1000bde8                _close_r
 .text._fclose_r
                0x1000be0c       0xdc c:/progra~1/raspbe~1/picosd~1.1/gcc-ar~1/bin/../lib/gcc/arm-none-eabi/10.3.1/../../../../arm-none-eabi/lib/thumb/v6-m/nofp\libg.a(lib_a-fclose.o)
                0x1000be0c                _fclose_r
 .text.__sflush_r
                0x1000bee8      0x140 c:/progra~1/raspbe~1/picosd~1.1/gcc-ar~1/bin/../lib/gcc/arm-none-eabi/10.3.1/../../../../arm-none-eabi/lib/thumb/v6-m/nofp\libg.a(lib_a-fflush.o)
                0x1000bee8                __sflush_r
 .text._fflush_r
                0x1000c028       0x6c c:/progra~1/raspbe~1/picosd~1.1/gcc-ar~1/bin/../lib/gcc/arm-none-eabi/10.3.1/../../../../arm-none-eabi/lib/thumb/v6-m/nofp\libg.a(lib_a-fflush.o)
                0x1000c028                _fflush_r
 .text.fflush   0x1000c094       0x78 c:/progra~1/raspbe~1/picosd~1.1/gcc-ar~1/bin/../lib/gcc/arm-none-eabi/10.3.1/../../../../arm-none-eabi/lib/thumb/v6-m/nofp\libg.a(lib_a-fflush.o)
                0x1000c094                fflush
 .text.rshift   0x1000c10c       0xa4 c:/progra~1/raspbe~1/picosd~1.1/gcc-ar~1/bin/../lib/gcc/arm-none-eabi/10.3.1/../../../../arm-none-eabi/lib/thumb/v6-m/nofp\libg.a(lib_a-gdtoa-gethex.o)
 .text.__gethex
                0x1000c1b0      0x5cc c:/progra~1/raspbe~1/picosd~1.1/gcc-ar~1/bin/../lib/gcc/arm-none-eabi/10.3.1/../../../../arm-none-eabi/lib/thumb/v6-m/nofp\libg.a(lib_a-gdtoa-gethex.o)
                0x1000c1b0                __gethex
 .text.__match  0x1000c77c       0x2c c:/progra~1/raspbe~1/picosd~1.1/gcc-ar~1/bin/../lib/gcc/arm-none-eabi/10.3.1/../../../../arm-none-eabi/lib/thumb/v6-m/nofp\libg.a(lib_a-gdtoa-hexnan.o)
                0x1000c77c                __match
 .text.__hexnan
                0x1000c7a8      0x1d0 c:/progra~1/raspbe~1/picosd~1.1/gcc-ar~1/bin/../lib/gcc/arm-none-eabi/10.3.1/../../../../arm-none-eabi/lib/thumb/v6-m/nofp\libg.a(lib_a-gdtoa-hexnan.o)
                0x1000c7a8                __hexnan
 .text._lseek_r
                0x1000c978       0x28 c:/progra~1/raspbe~1/picosd~1.1/gcc-ar~1/bin/../lib/gcc/arm-none-eabi/10.3.1/../../../../arm-none-eabi/lib/thumb/v6-m/nofp\libg.a(lib_a-lseekr.o)
                0x1000c978                _lseek_r
 .text.__smakebuf_r
                0x1000c9a0       0xe4 c:/progra~1/raspbe~1/picosd~1.1/gcc-ar~1/bin/../lib/gcc/arm-none-eabi/10.3.1/../../../../arm-none-eabi/lib/thumb/v6-m/nofp\libg.a(lib_a-makebuf.o)
                0x1000c9a0                __smakebuf_r
 .text._Balloc  0x1000ca84       0x50 c:/progra~1/raspbe~1/picosd~1.1/gcc-ar~1/bin/../lib/gcc/arm-none-eabi/10.3.1/../../../../arm-none-eabi/lib/thumb/v6-m/nofp\libg.a(lib_a-mprec.o)
                0x1000ca84                _Balloc
 .text._Bfree   0x1000cad4       0x14 c:/progra~1/raspbe~1/picosd~1.1/gcc-ar~1/bin/../lib/gcc/arm-none-eabi/10.3.1/../../../../arm-none-eabi/lib/thumb/v6-m/nofp\libg.a(lib_a-mprec.o)
                0x1000cad4                _Bfree
 .text.__multadd
                0x1000cae8       0xa8 c:/progra~1/raspbe~1/picosd~1.1/gcc-ar~1/bin/../lib/gcc/arm-none-eabi/10.3.1/../../../../arm-none-eabi/lib/thumb/v6-m/nofp\libg.a(lib_a-mprec.o)
                0x1000cae8                __multadd
 .text.__s2b    0x1000cb90       0xb0 c:/progra~1/raspbe~1/picosd~1.1/gcc-ar~1/bin/../lib/gcc/arm-none-eabi/10.3.1/../../../../arm-none-eabi/lib/thumb/v6-m/nofp\libg.a(lib_a-mprec.o)
                0x1000cb90                __s2b
 .text.__hi0bits
                0x1000cc40       0x38 c:/progra~1/raspbe~1/picosd~1.1/gcc-ar~1/bin/../lib/gcc/arm-none-eabi/10.3.1/../../../../arm-none-eabi/lib/thumb/v6-m/nofp\libg.a(lib_a-mprec.o)
                0x1000cc40                __hi0bits
 .text.__lo0bits
                0x1000cc78       0x5c c:/progra~1/raspbe~1/picosd~1.1/gcc-ar~1/bin/../lib/gcc/arm-none-eabi/10.3.1/../../../../arm-none-eabi/lib/thumb/v6-m/nofp\libg.a(lib_a-mprec.o)
                0x1000cc78                __lo0bits
 .text.__i2b    0x1000ccd4       0x60 c:/progra~1/raspbe~1/picosd~1.1/gcc-ar~1/bin/../lib/gcc/arm-none-eabi/10.3.1/../../../../arm-none-eabi/lib/thumb/v6-m/nofp\libg.a(lib_a-mprec.o)
                0x1000ccd4                __i2b
 .text.__multiply
                0x1000cd34      0x1a4 c:/progra~1/raspbe~1/picosd~1.1/gcc-ar~1/bin/../lib/gcc/arm-none-eabi/10.3.1/../../../../arm-none-eabi/lib/thumb/v6-m/nofp\libg.a(lib_a-mprec.o)
                0x1000cd34                __multiply
 .text.__pow5mult
                0x1000ced8       0xd8 c:/progra~1/raspbe~1/picosd~1.1/gcc-ar~1/bin/../lib/gcc/arm-none-eabi/10.3.1/../../../../arm-none-eabi/lib/thumb/v6-m/nofp\libg.a(lib_a-mprec.o)
                0x1000ced8                __pow5mult
 .text.__lshift
                0x1000cfb0       0xfc c:/progra~1/raspbe~1/picosd~1.1/gcc-ar~1/bin/../lib/gcc/arm-none-eabi/10.3.1/../../../../arm-none-eabi/lib/thumb/v6-m/nofp\libg.a(lib_a-mprec.o)
                0x1000cfb0                __lshift
 .text.__mcmp   0x1000d0ac       0x34 c:/progra~1/raspbe~1/picosd~1.1/gcc-ar~1/bin/../lib/gcc/arm-none-eabi/10.3.1/../../../../arm-none-eabi/lib/thumb/v6-m/nofp\libg.a(lib_a-mprec.o)
                0x1000d0ac                __mcmp
 .text.__mdiff  0x1000d0e0      0x18c c:/progra~1/raspbe~1/picosd~1.1/gcc-ar~1/bin/../lib/gcc/arm-none-eabi/10.3.1/../../../../arm-none-eabi/lib/thumb/v6-m/nofp\libg.a(lib_a-mprec.o)
                0x1000d0e0                __mdiff
 .text.__ulp    0x1000d26c       0x48 c:/progra~1/raspbe~1/picosd~1.1/gcc-ar~1/bin/../lib/gcc/arm-none-eabi/10.3.1/../../../../arm-none-eabi/lib/thumb/v6-m/nofp\libg.a(lib_a-mprec.o)
                0x1000d26c                __ulp
 .text.__b2d    0x1000d2b4       0xc8 c:/progra~1/raspbe~1/picosd~1.1/gcc-ar~1/bin/../lib/gcc/arm-none-eabi/10.3.1/../../../../arm-none-eabi/lib/thumb/v6-m/nofp\libg.a(lib_a-mprec.o)
                0x1000d2b4                __b2d
 .text.__d2b    0x1000d37c       0xd8 c:/progra~1/raspbe~1/picosd~1.1/gcc-ar~1/bin/../lib/gcc/arm-none-eabi/10.3.1/../../../../arm-none-eabi/lib/thumb/v6-m/nofp\libg.a(lib_a-mprec.o)
                0x1000d37c                __d2b
 .text.__ratio  0x1000d454       0x68 c:/progra~1/raspbe~1/picosd~1.1/gcc-ar~1/bin/../lib/gcc/arm-none-eabi/10.3.1/../../../../arm-none-eabi/lib/thumb/v6-m/nofp\libg.a(lib_a-mprec.o)
                0x1000d454                __ratio
 .text.__copybits
                0x1000d4bc       0x40 c:/progra~1/raspbe~1/picosd~1.1/gcc-ar~1/bin/../lib/gcc/arm-none-eabi/10.3.1/../../../../arm-none-eabi/lib/thumb/v6-m/nofp\libg.a(lib_a-mprec.o)
                0x1000d4bc                __copybits
 .text.__any_on
                0x1000d4fc       0x50 c:/progra~1/raspbe~1/picosd~1.1/gcc-ar~1/bin/../lib/gcc/arm-none-eabi/10.3.1/../../../../arm-none-eabi/lib/thumb/v6-m/nofp\libg.a(lib_a-mprec.o)
                0x1000d4fc                __any_on
 .text._read_r  0x1000d54c       0x28 c:/progra~1/raspbe~1/picosd~1.1/gcc-ar~1/bin/../lib/gcc/arm-none-eabi/10.3.1/../../../../arm-none-eabi/lib/thumb/v6-m/nofp\libg.a(lib_a-readr.o)
                0x1000d54c                _read_r
 .text.nan      0x1000d574        0xc c:/progra~1/raspbe~1/picosd~1.1/gcc-ar~1/bin/../lib/gcc/arm-none-eabi/10.3.1/../../../../arm-none-eabi/lib/thumb/v6-m/nofp\libg.a(lib_a-s_nan.o)
                0x1000d574                nan
 .text.strncmp  0x1000d580       0x74 c:/progra~1/raspbe~1/picosd~1.1/gcc-ar~1/bin/../lib/gcc/arm-none-eabi/10.3.1/../../../../arm-none-eabi/lib/thumb/v6-m/nofp\libg.a(lib_a-strncmp.o)
                0x1000d580                strncmp
 .text._fstat_r
                0x1000d5f4       0x28 c:/progra~1/raspbe~1/picosd~1.1/gcc-ar~1/bin/../lib/gcc/arm-none-eabi/10.3.1/../../../../arm-none-eabi/lib/thumb/v6-m/nofp\libg.a(lib_a-fstatr.o)
                0x1000d5f4                _fstat_r
 .text._isatty_r
                0x1000d61c       0x24 c:/progra~1/raspbe~1/picosd~1.1/gcc-ar~1/bin/../lib/gcc/arm-none-eabi/10.3.1/../../../../arm-none-eabi/lib/thumb/v6-m/nofp\libg.a(lib_a-isattyr.o)
                0x1000d61c                _isatty_r
 *(.fini)
 .fini          0x1000d640        0x4 c:/progra~1/raspbe~1/picosd~1.1/gcc-ar~1/bin/../lib/gcc/arm-none-eabi/10.3.1/thumb/v6-m/nofp/crti.o
                0x1000d640                _fini
 *fill*         0x1000d644        0x4 
 .fini.__stub   0x1000d648       0xf0 linker stubs
 *crtbegin.o(.ctors)
 *crtbegin?.o(.ctors)
 *(EXCLUDE_FILE(*crtend.o *crtend?.o) .ctors)
 *(SORT_BY_NAME(.ctors.*))
 *(.ctors)